******************************************************************************
                  TI ARM Linker PC v5.2.5                      
******************************************************************************
>> Linked Sat Apr 02 19:29:56 2016

OUTPUT FILE NAME:   <Lab0.out>
ENTRY POINT SYMBOL: "_c_int00"  address: 20007655


MEMORY CONFIGURATION

         name            origin    length      used     unused   attr    fill
----------------------  --------  ---------  --------  --------  ----  --------
  SRAM_CODE             20004000   00019000  00003f76  0001508a  RW X
  SRAM_DATA             2001d000   00023000  00001183  00021e7d  RW X


SEGMENT ALLOCATION MAP

run origin  load origin   length   init length attrs members
----------  ----------- ---------- ----------- ----- -------
20004000    20004000    00003f78   00003f78    r-x
  20004000    20004000    00000400   00000400    r-- .intvecs
  20004400    20004400    000036ee   000036ee    r-x .text
  20007af0    20007af0    00000400   00000400    r-- .const
  20007ef0    20007ef0    00000088   00000088    r-- .cinit
2001d000    2001d000    00000983   00000000    rw-
  2001d000    2001d000    00000800   00000000    rw- .sysmem
  2001d800    2001d800    0000017c   00000000    rw- .data
  2001d97c    2001d97c    00000007   00000000    rw- .bss
2003f800    2003f800    00000800   00000000    rw-
  2003f800    2003f800    00000800   00000000    rw- .stack


SECTION ALLOCATION MAP

 output                                  attributes/
section   page    origin      length       input sections
--------  ----  ----------  ----------   ----------------
.intvecs   0    20004000    00000400     
                  20004000    00000400     startup_ccs.obj (.intvecs)

.init_array 
*          0    20004000    00000000     UNINITIALIZED

.text      0    20004400    000036ee     
                  20004400    000010a6     rtsv7M4_T_le_eabi.lib : _printfi.obj (.text)
                  200054a6    00000002     --HOLE-- [fill = 0]
                  200054a8    000003dc                           : memory.obj (.text)
                  20005884    000003bc     main.obj (.text)
                  20005c40    0000039c     gpio_if.obj (.text)
                  20005fdc    00000280     uart_if.obj (.text)
                  2000625c    000001f4     rtsv7M4_T_le_eabi.lib : ull_div_t2.obj (.text)
                  20006450    000001b6                           : fd_add_t2.obj (.text)
                  20006606    00000002     --HOLE-- [fill = 0]
                  20006608    00000178     driverlib.a : prcm.obj (.text:PRCMCC3200MCUInit)
                  20006780    00000136     rtsv7M4_T_le_eabi.lib : fd_div_t2.obj (.text)
                  200068b6    00000002     --HOLE-- [fill = 0]
                  200068b8    00000110                           : xdscale.obj (.text)
                  200069c8    000000fc                           : fd_mul_t2.obj (.text)
                  20006ac4    000000be                           : xdnorm.obj (.text)
                  20006b82    00000002     --HOLE-- [fill = 0]
                  20006b84    000000b8     pin_mux_config.obj (.text)
                  20006c3c    000000a8     driverlib.a : interrupt.obj (.text:IntEnable)
                  20006ce4    0000009c     rtsv7M4_T_le_eabi.lib : memcpy_t2.obj (.text)
                  20006d80    00000094     driverlib.a : prcm.obj (.text:PRCMPeripheralClockGet)
                  20006e14    00000088                 : pin.obj (.text:PinConfigSet)
                  20006e9c    00000088     rtsv7M4_T_le_eabi.lib : vsnprintf.obj (.text)
                  20006f24    00000086                           : fd_cmp_t2.obj (.text:__aeabi_cdcmple)
                  20006faa    00000086                           : fd_cmp_t2.obj (.text:__aeabi_cdrcmple)
                  20007030    00000082     driverlib.a : gpio.obj (.text:GPIOIntTypeSet)
                  200070b2    0000007a     rtsv7M4_T_le_eabi.lib : memset_t2.obj (.text)
                  2000712c    00000076     driverlib.a : uart.obj (.text:UARTConfigSetExpClk)
                  200071a2    00000002     --HOLE-- [fill = 0]
                  200071a4    0000006c     rtsv7M4_T_le_eabi.lib : autoinit.obj (.text)
                  20007210    0000006a                           : copy_decompress_rle.obj (.text)
                  2000727a    00000066                           : xdunscal.obj (.text)
                  200072e0    00000058     driverlib.a : prcm.obj (.text:PRCMPeripheralReset)
                  20007338    00000056     rtsv7M4_T_le_eabi.lib : ltoa.obj (.text)
                  2000738e    00000002     --HOLE-- [fill = 0]
                  20007390    00000054     driverlib.a : interrupt.obj (.text:IntPrioritySet)
                  200073e4    0000004c     rtsv7M4_T_le_eabi.lib : atoi.obj (.text)
                  20007430    0000004c                           : cpy_tbl.obj (.text)
                  2000747c    00000048     driverlib.a : gpio.obj (.text:GPIOGetIntNumber)
                  200074c4    00000048     rtsv7M4_T_le_eabi.lib : fd_toi_t2.obj (.text)
                  2000750c    00000046                           : ldexp.obj (.text)
                  20007552    00000002     --HOLE-- [fill = 0]
                  20007554    00000044                           : exit.obj (.text)
                  20007598    00000040     driverlib.a : pin.obj (.text:PinModeSet)
                  200075d8    00000040     rtsv7M4_T_le_eabi.lib : signal.obj (.text)
                  20007618    0000003c     driverlib.a : prcm.obj (.text:PRCMPeripheralClkEnable)
                  20007654    0000003c     rtsv7M4_T_le_eabi.lib : boot.obj (.text)
                  20007690    00000036     driverlib.a : gpio.obj (.text:GPIODirModeSet)
                  200076c6    00000002     --HOLE-- [fill = 0]
                  200076c8    00000034     rtsv7M4_T_le_eabi.lib : feraiseexcept.obj (.text)
                  200076fc    00000030     driverlib.a : pin.obj (.text:PinTypeGPIO)
                  2000772c    00000030                 : uart.obj (.text:UARTDisable)
                  2000775c    00000030     rtsv7M4_T_le_eabi.lib : xferaise.obj (.text)
                  2000778c    0000002e                           : i_tofd_t2.obj (.text)
                  200077ba    0000002e                           : raise.obj (.text)
                  200077e8    0000002c     driverlib.a : prcm.obj (.text:PRCMSysResetCauseGet)
                  20007814    0000002a     rtsv7M4_T_le_eabi.lib : xdclass.obj (.text)
                  2000783e    00000002     --HOLE-- [fill = 0]
                  20007840    00000028     driverlib.a : prcm.obj (.text:PRCMPeripheralClkDisable)
                  20007868    00000024                 : uart.obj (.text:UARTEnable)
                  2000788c    00000024     rtsv7M4_T_le_eabi.lib : memmov.obj (.text)
                  200078b0    00000022                           : frexp.obj (.text)
                  200078d2    00000020     driverlib.a : gpio.obj (.text:GPIOPinWrite)
                  200078f2    00000002     --HOLE-- [fill = 0]
                  200078f4    00000020                 : interrupt.obj (.text:IntRegister)
                  20007914    0000001e                 : gpio.obj (.text:GPIOIntRegister)
                  20007932    0000001e                 : uart.obj (.text:UARTCharPut)
                  20007950    0000001c                 : uart.obj (.text:UARTCharGetNonBlocking)
                  2000796c    0000001c     rtsv7M4_T_le_eabi.lib : memccpy.obj (.text)
                  20007988    0000001a     driverlib.a : gpio.obj (.text:GPIOIntEnable)
                  200079a2    0000001a                 : pin.obj (.text:PinTypeUART)
                  200079bc    00000018                 : gpio.obj (.text:GPIOPinRead)
                  200079d4    00000018                 : uart.obj (.text:UARTCharsAvail)
                  200079ec    00000018     rtsv7M4_T_le_eabi.lib : args_main.obj (.text)
                  20007a04    00000016     driverlib.a : prcm.obj (.text:PRCMHIBRegRead)
                  20007a1a    00000016                 : prcm.obj (.text:PRCMHIBRegWrite)
                  20007a30    00000016     rtsv7M4_T_le_eabi.lib : strchr.obj (.text)
                  20007a46    00000014     driverlib.a : cpu.obj (.text:CPUcpsie)
                  20007a5a    00000014                 : gpio.obj (.text:GPIOIntClear)
                  20007a6e    00000002     --HOLE-- [fill = 0]
                  20007a70    00000014                 : interrupt.obj (.text:IntVTableBaseSet)
                  20007a84    00000014     rtsv7M4_T_le_eabi.lib : _lock.obj (.text)
                  20007a98    00000014                           : strlen.obj (.text)
                  20007aac    0000000e                           : copy_decompress_none.obj (.text:decompress:none)
                  20007aba    0000000e     startup_ccs.obj (.text)
                  20007ac8    0000000c     rtsv7M4_T_le_eabi.lib : copy_zero_init.obj (.text:decompress:ZI)
                  20007ad4    0000000a     driverlib.a : interrupt.obj (.text:IntMasterEnable)
                  20007ade    00000006                 : utils.obj (.text:UtilsDelay)
                  20007ae4    00000006     rtsv7M4_T_le_eabi.lib : copy_decompress_rle.obj (.text:decompress:rle24)
                  20007aea    00000004                           : pre_init.obj (.text)

.const     0    20007af0    00000400     
                  20007af0    00000101     rtsv7M4_T_le_eabi.lib : ctype.obj (.const:.string:_ctypes_)
                  20007bf1    00000003     --HOLE-- [fill = 0]
                  20007bf4    00000100     driverlib.a : pin.obj (.const:g_ulPinToPadMap)
                  20007cf4    000000d4                 : interrupt.obj (.const:g_pulRegs)
                  20007dc8    000000a8                 : prcm.obj (.const:PRCM_PeriphRegsList)
                  20007e70    00000080                 : interrupt.obj (.const)

.cinit     0    20007ef0    00000088     
                  20007ef0    00000064     (.cinit..data.load) [load image, compression = rle]
                  20007f54    0000000c     (__TI_handler_table)
                  20007f60    00000008     (.cinit..bss.load) [load image, compression = zero_init]
                  20007f68    00000010     (__TI_cinit_table)

.sysmem    0    2001d000    00000800     UNINITIALIZED
                  2001d000    00000008     rtsv7M4_T_le_eabi.lib : memory.obj (.sysmem)
                  2001d008    000007f8     --HOLE--

.data      0    2001d800    0000017c     UNINITIALIZED
                  2001d800    000000b0     rtsv7M4_T_le_eabi.lib : signal.obj (.data:sigtable)
                  2001d8b0    00000080                           : xvalues.obj (.data)
                  2001d930    00000020     gpio_if.obj (.data)
                  2001d950    0000000c     rtsv7M4_T_le_eabi.lib : memory.obj (.data)
                  2001d95c    00000008                           : _lock.obj (.data)
                  2001d964    00000008                           : exit.obj (.data)
                  2001d96c    00000008                           : feraiseexcept.obj (.data)
                  2001d974    00000004                           : errno.obj (.data)
                  2001d978    00000004                           : stkdepth_vars.obj (.data)

.TI.persistent 
*          0    2001d800    00000000     UNINITIALIZED

.bss       0    2001d97c    00000007     UNINITIALIZED
                  2001d97c    00000004     (.common:__Errorlog)
                  2001d980    00000001     (.common:g_ucLED1Pin)
                  2001d981    00000001     (.common:g_ucLED2Pin)
                  2001d982    00000001     (.common:g_ucLED3Pin)

.TI.noinit 
*          0    2001d97c    00000000     UNINITIALIZED

.stack     0    2003f800    00000800     UNINITIALIZED
                  2003f800    00000800     --HOLE--


LINKER GENERATED COPY TABLES

__TI_cinit_table @ 20007f68 records: 2, size/record: 8, table size: 16
	.data: load addr=20007ef0, load size=00000064 bytes, run addr=2001d800, run size=0000017c bytes, compression=rle
	.bss: load addr=20007f60, load size=00000008 bytes, run addr=2001d97c, run size=00000007 bytes, compression=zero_init


LINKER GENERATED HANDLER TABLE

__TI_handler_table @ 20007f54 records: 3, size/record: 4, table size: 12
	index: 0, handler: __TI_decompress_rle24
	index: 1, handler: __TI_decompress_none
	index: 2, handler: __TI_zero_init


GLOBAL SYMBOLS: SORTED ALPHABETICALLY BY Name 

address   name                       
-------   ----                       
20007555  C$$EXIT                    
20007a47  CPUcpsie                   
2000601d  ClearTerm                  
20005a39  DisplayBanner              
20006027  Error                      
20007691  GPIODirModeSet             
20007a5b  GPIOIntClear               
20007989  GPIOIntEnable              
20007915  GPIOIntRegister            
20007031  GPIOIntTypeSet             
200079bd  GPIOPinRead                
200078d3  GPIOPinWrite               
20005f01  GPIO_IF_ConfigureNIntEnable
20005f8d  GPIO_IF_Get                
20005ebb  GPIO_IF_GetPortNPin        
20005c7d  GPIO_IF_LedConfigure       
20005d6f  GPIO_IF_LedOff             
20005cbb  GPIO_IF_LedOn              
20005e23  GPIO_IF_LedStatus          
20005e8d  GPIO_IF_LedToggle          
20005f49  GPIO_IF_Set                
2000605f  GetCmd                     
20005fdd  InitTerm                   
20006c3d  IntEnable                  
20007ad5  IntMasterEnable            
20007391  IntPrioritySet             
200078f5  IntRegister                
20007a71  IntVTableBaseSet           
20005885  LEDBlinkyRoutine           
20005ffb  Message                    
20006609  PRCMCC3200MCUInit          
20007a05  PRCMHIBRegRead             
20007a1b  PRCMHIBRegWrite            
20007841  PRCMPeripheralClkDisable   
20007619  PRCMPeripheralClkEnable    
20006d81  PRCMPeripheralClockGet     
200072e1  PRCMPeripheralReset        
200077e9  PRCMSysResetCauseGet       
20006e15  PinConfigSet               
20007599  PinModeSet                 
20006b85  PinMuxConfig               
200076fd  PinTypeGPIO                
200079a3  PinTypeUART                
2000619d  Report                     
20007abb  ResetISR                   
UNDEFED   SHT$$INIT_ARRAY$$Base      
UNDEFED   SHT$$INIT_ARRAY$$Limit     
20006105  TrimSpace                  
20007951  UARTCharGetNonBlocking     
20007933  UARTCharPut                
200079d5  UARTCharsAvail             
2000712d  UARTConfigSetExpClk        
2000772d  UARTDisable                
20007869  UARTEnable                 
20007adf  UtilsDelay                 
20007815  _Dclass                    
2001d8b0  _Denorm                    
20006ac5  _Dnorm                     
200068b9  _Dscale                    
2000727b  _Dunscale                  
2001d8c0  _Eps                       
2001d974  _Errno                     
2001d96c  _Fenv                      
2000775d  _Feraise                   
2001d8d0  _Hugeval                   
2001d8e0  _Inf                       
2001d8f0  _Nan                       
2001d910  _Rteps                     
2001d900  _Snan                      
2001d970  _Tls_setup__Fenv           
2001d920  _Xbig                      
2001d928  _Zero                      
20040000  __STACK_END                
00000800  __STACK_SIZE               
00000800  __SYSMEM_SIZE              
20007f68  __TI_CINIT_Base            
20007f78  __TI_CINIT_Limit           
20007f54  __TI_Handler_Table_Base    
20007f60  __TI_Handler_Table_Limit   
200071a5  __TI_auto_init             
2001d964  __TI_cleanup_ptr           
20007aad  __TI_decompress_none       
20007ae5  __TI_decompress_rle24      
2001d968  __TI_dtors_ptr             
200051a1  __TI_printfi               
20007ef0  __TI_static_base__         
20007ac9  __TI_zero_init             
20006f25  __aeabi_cdcmpeq            
20006f25  __aeabi_cdcmple            
20006fab  __aeabi_cdrcmple           
200074c5  __aeabi_d2iz               
2000645b  __aeabi_dadd               
20006781  __aeabi_ddiv               
200069c9  __aeabi_dmul               
20006451  __aeabi_dsub               
2000778d  __aeabi_i2d                
200070b3  __aeabi_memclr             
200070b3  __aeabi_memclr4            
200070b3  __aeabi_memclr8            
20006ce5  __aeabi_memcpy             
20006ce5  __aeabi_memcpy4            
20006ce5  __aeabi_memcpy8            
200070b5  __aeabi_memset             
200070b5  __aeabi_memset4            
200070b5  __aeabi_memset8            
2000625d  __aeabi_uldivmod           
ffffffff  __binit__                  
ffffffff  __c_args__                 
2003f800  __stack                    
200079ed  _args_main                 
20007655  _c_int00                   
20007af0  _ctypes_                   
2001d95c  _lock                      
20007a93  _nop                       
20007a8b  _register_lock             
20007a85  _register_unlock           
2001d000  _sys_memory                
20007aeb  _system_pre_init           
2001d960  _unlock                    
20007559  abort                      
200073e5  atoi                       
ffffffff  binit                      
20005851  calloc                     
20007431  copy_in                    
20007561  exit                       
200076c9  feraiseexcept              
2000559f  free                       
200078b1  frexp                      
20004000  g_pfnVectors               
2001d980  g_ucLED1Pin                
2001d981  g_ucLED2Pin                
2001d982  g_ucLED3Pin                
2001d944  g_uiLED1Port               
2001d948  g_uiLED2Port               
2001d94c  g_uiLED3Port               
2000750d  ldexp                      
20007339  ltoa                       
20005a6d  main                       
2001d978  main_func_sp               
20005537  malloc                     
2000576d  memalign                   
2000796d  memccpy                    
20006ce5  memcpy                     
2000788d  memmove                    
200070bb  memset                     
200054a9  minit                      
200077bb  raise                      
20005661  realloc                    
200075d9  signal                     
20007a31  strchr                     
20007a99  strlen                     
20006e9d  vsnprintf                  


GLOBAL SYMBOLS: SORTED BY Symbol Address 

address   name                       
-------   ----                       
00000800  __STACK_SIZE               
00000800  __SYSMEM_SIZE              
20004000  g_pfnVectors               
200051a1  __TI_printfi               
200054a9  minit                      
20005537  malloc                     
2000559f  free                       
20005661  realloc                    
2000576d  memalign                   
20005851  calloc                     
20005885  LEDBlinkyRoutine           
20005a39  DisplayBanner              
20005a6d  main                       
20005c7d  GPIO_IF_LedConfigure       
20005cbb  GPIO_IF_LedOn              
20005d6f  GPIO_IF_LedOff             
20005e23  GPIO_IF_LedStatus          
20005e8d  GPIO_IF_LedToggle          
20005ebb  GPIO_IF_GetPortNPin        
20005f01  GPIO_IF_ConfigureNIntEnable
20005f49  GPIO_IF_Set                
20005f8d  GPIO_IF_Get                
20005fdd  InitTerm                   
20005ffb  Message                    
2000601d  ClearTerm                  
20006027  Error                      
2000605f  GetCmd                     
20006105  TrimSpace                  
2000619d  Report                     
2000625d  __aeabi_uldivmod           
20006451  __aeabi_dsub               
2000645b  __aeabi_dadd               
20006609  PRCMCC3200MCUInit          
20006781  __aeabi_ddiv               
200068b9  _Dscale                    
200069c9  __aeabi_dmul               
20006ac5  _Dnorm                     
20006b85  PinMuxConfig               
20006c3d  IntEnable                  
20006ce5  __aeabi_memcpy             
20006ce5  __aeabi_memcpy4            
20006ce5  __aeabi_memcpy8            
20006ce5  memcpy                     
20006d81  PRCMPeripheralClockGet     
20006e15  PinConfigSet               
20006e9d  vsnprintf                  
20006f25  __aeabi_cdcmpeq            
20006f25  __aeabi_cdcmple            
20006fab  __aeabi_cdrcmple           
20007031  GPIOIntTypeSet             
200070b3  __aeabi_memclr             
200070b3  __aeabi_memclr4            
200070b3  __aeabi_memclr8            
200070b5  __aeabi_memset             
200070b5  __aeabi_memset4            
200070b5  __aeabi_memset8            
200070bb  memset                     
2000712d  UARTConfigSetExpClk        
200071a5  __TI_auto_init             
2000727b  _Dunscale                  
200072e1  PRCMPeripheralReset        
20007339  ltoa                       
20007391  IntPrioritySet             
200073e5  atoi                       
20007431  copy_in                    
200074c5  __aeabi_d2iz               
2000750d  ldexp                      
20007555  C$$EXIT                    
20007559  abort                      
20007561  exit                       
20007599  PinModeSet                 
200075d9  signal                     
20007619  PRCMPeripheralClkEnable    
20007655  _c_int00                   
20007691  GPIODirModeSet             
200076c9  feraiseexcept              
200076fd  PinTypeGPIO                
2000772d  UARTDisable                
2000775d  _Feraise                   
2000778d  __aeabi_i2d                
200077bb  raise                      
200077e9  PRCMSysResetCauseGet       
20007815  _Dclass                    
20007841  PRCMPeripheralClkDisable   
20007869  UARTEnable                 
2000788d  memmove                    
200078b1  frexp                      
200078d3  GPIOPinWrite               
200078f5  IntRegister                
20007915  GPIOIntRegister            
20007933  UARTCharPut                
20007951  UARTCharGetNonBlocking     
2000796d  memccpy                    
20007989  GPIOIntEnable              
200079a3  PinTypeUART                
200079bd  GPIOPinRead                
200079d5  UARTCharsAvail             
200079ed  _args_main                 
20007a05  PRCMHIBRegRead             
20007a1b  PRCMHIBRegWrite            
20007a31  strchr                     
20007a47  CPUcpsie                   
20007a5b  GPIOIntClear               
20007a71  IntVTableBaseSet           
20007a85  _register_unlock           
20007a8b  _register_lock             
20007a93  _nop                       
20007a99  strlen                     
20007aad  __TI_decompress_none       
20007abb  ResetISR                   
20007ac9  __TI_zero_init             
20007ad5  IntMasterEnable            
20007adf  UtilsDelay                 
20007ae5  __TI_decompress_rle24      
20007aeb  _system_pre_init           
20007af0  _ctypes_                   
20007ef0  __TI_static_base__         
20007f54  __TI_Handler_Table_Base    
20007f60  __TI_Handler_Table_Limit   
20007f68  __TI_CINIT_Base            
20007f78  __TI_CINIT_Limit           
2001d000  _sys_memory                
2001d8b0  _Denorm                    
2001d8c0  _Eps                       
2001d8d0  _Hugeval                   
2001d8e0  _Inf                       
2001d8f0  _Nan                       
2001d900  _Snan                      
2001d910  _Rteps                     
2001d920  _Xbig                      
2001d928  _Zero                      
2001d944  g_uiLED1Port               
2001d948  g_uiLED2Port               
2001d94c  g_uiLED3Port               
2001d95c  _lock                      
2001d960  _unlock                    
2001d964  __TI_cleanup_ptr           
2001d968  __TI_dtors_ptr             
2001d96c  _Fenv                      
2001d970  _Tls_setup__Fenv           
2001d974  _Errno                     
2001d978  main_func_sp               
2001d980  g_ucLED1Pin                
2001d981  g_ucLED2Pin                
2001d982  g_ucLED3Pin                
2003f800  __stack                    
20040000  __STACK_END                
ffffffff  __binit__                  
ffffffff  __c_args__                 
ffffffff  binit                      
UNDEFED   SHT$$INIT_ARRAY$$Base      
UNDEFED   SHT$$INIT_ARRAY$$Limit     

[152 symbols]
