<?xml version="1.0"?>
<link_info>
   <banner>TI ARM Linker PC v5.2.5</banner>
   <copyright>Copyright (c) 1996-2015 Texas Instruments Incorporated</copyright>
   <link_time>0x57008024</link_time>
   <link_errors>0x0</link_errors>
   <output_file>Lab0.out</output_file>
   <entry_point>
      <name>_c_int00</name>
      <address>0x20007655</address>
   </entry_point>
   <input_file_list>
      <input_file id="fl-2">
         <path>.\</path>
         <kind>object</kind>
         <file>gpio_if.obj</file>
         <name>gpio_if.obj</name>
      </input_file>
      <input_file id="fl-3">
         <path>.\</path>
         <kind>object</kind>
         <file>main.obj</file>
         <name>main.obj</name>
      </input_file>
      <input_file id="fl-4">
         <path>.\</path>
         <kind>object</kind>
         <file>pin_mux_config.obj</file>
         <name>pin_mux_config.obj</name>
      </input_file>
      <input_file id="fl-5">
         <path>.\</path>
         <kind>object</kind>
         <file>startup_ccs.obj</file>
         <name>startup_ccs.obj</name>
      </input_file>
      <input_file id="fl-6">
         <path>.\</path>
         <kind>object</kind>
         <file>uart_if.obj</file>
         <name>uart_if.obj</name>
      </input_file>
      <input_file id="fl-12d">
         <path>C:\ti\ccsv6\tools\compiler\ti-cgt-arm_5.2.5\lib\</path>
         <kind>archive</kind>
         <file>rtsv7M4_T_le_eabi.lib</file>
         <name>boot.obj</name>
      </input_file>
      <input_file id="fl-12e">
         <path>C:\ti\ccsv6\tools\compiler\ti-cgt-arm_5.2.5\lib\</path>
         <kind>archive</kind>
         <file>rtsv7M4_T_le_eabi.lib</file>
         <name>copy_decompress_none.obj</name>
      </input_file>
      <input_file id="fl-12f">
         <path>C:\ti\ccsv6\tools\compiler\ti-cgt-arm_5.2.5\lib\</path>
         <kind>archive</kind>
         <file>rtsv7M4_T_le_eabi.lib</file>
         <name>copy_decompress_rle.obj</name>
      </input_file>
      <input_file id="fl-130">
         <path>C:\ti\ccsv6\tools\compiler\ti-cgt-arm_5.2.5\lib\</path>
         <kind>archive</kind>
         <file>rtsv7M4_T_le_eabi.lib</file>
         <name>copy_zero_init.obj</name>
      </input_file>
      <input_file id="fl-131">
         <path>C:\ti\ccsv6\tools\compiler\ti-cgt-arm_5.2.5\lib\</path>
         <kind>archive</kind>
         <file>rtsv7M4_T_le_eabi.lib</file>
         <name>exit.obj</name>
      </input_file>
      <input_file id="fl-132">
         <path>C:\ti\ccsv6\tools\compiler\ti-cgt-arm_5.2.5\lib\</path>
         <kind>archive</kind>
         <file>rtsv7M4_T_le_eabi.lib</file>
         <name>memcpy_t2.obj</name>
      </input_file>
      <input_file id="fl-133">
         <path>C:\ti\ccsv6\tools\compiler\ti-cgt-arm_5.2.5\lib\</path>
         <kind>archive</kind>
         <file>rtsv7M4_T_le_eabi.lib</file>
         <name>memmov.obj</name>
      </input_file>
      <input_file id="fl-134">
         <path>C:\ti\ccsv6\tools\compiler\ti-cgt-arm_5.2.5\lib\</path>
         <kind>archive</kind>
         <file>rtsv7M4_T_le_eabi.lib</file>
         <name>memory.obj</name>
      </input_file>
      <input_file id="fl-135">
         <path>C:\ti\ccsv6\tools\compiler\ti-cgt-arm_5.2.5\lib\</path>
         <kind>archive</kind>
         <file>rtsv7M4_T_le_eabi.lib</file>
         <name>memset_t2.obj</name>
      </input_file>
      <input_file id="fl-136">
         <path>C:\ti\ccsv6\tools\compiler\ti-cgt-arm_5.2.5\lib\</path>
         <kind>archive</kind>
         <file>rtsv7M4_T_le_eabi.lib</file>
         <name>pre_init.obj</name>
      </input_file>
      <input_file id="fl-137">
         <path>C:\ti\ccsv6\tools\compiler\ti-cgt-arm_5.2.5\lib\</path>
         <kind>archive</kind>
         <file>rtsv7M4_T_le_eabi.lib</file>
         <name>stkdepth_vars.obj</name>
      </input_file>
      <input_file id="fl-138">
         <path>C:\ti\ccsv6\tools\compiler\ti-cgt-arm_5.2.5\lib\</path>
         <kind>archive</kind>
         <file>rtsv7M4_T_le_eabi.lib</file>
         <name>strlen.obj</name>
      </input_file>
      <input_file id="fl-139">
         <path>C:\ti\ccsv6\tools\compiler\ti-cgt-arm_5.2.5\lib\</path>
         <kind>archive</kind>
         <file>rtsv7M4_T_le_eabi.lib</file>
         <name>vsnprintf.obj</name>
      </input_file>
      <input_file id="fl-13a">
         <path>C:\ti\ccsv6\tools\compiler\ti-cgt-arm_5.2.5\lib\</path>
         <kind>archive</kind>
         <file>rtsv7M4_T_le_eabi.lib</file>
         <name>_lock.obj</name>
      </input_file>
      <input_file id="fl-13b">
         <path>C:\ti\ccsv6\tools\compiler\ti-cgt-arm_5.2.5\lib\</path>
         <kind>archive</kind>
         <file>rtsv7M4_T_le_eabi.lib</file>
         <name>_printfi.obj</name>
      </input_file>
      <input_file id="fl-13c">
         <path>C:\ti\ccsv6\tools\compiler\ti-cgt-arm_5.2.5\lib\</path>
         <kind>archive</kind>
         <file>rtsv7M4_T_le_eabi.lib</file>
         <name>args_main.obj</name>
      </input_file>
      <input_file id="fl-13d">
         <path>C:\ti\ccsv6\tools\compiler\ti-cgt-arm_5.2.5\lib\</path>
         <kind>archive</kind>
         <file>rtsv7M4_T_le_eabi.lib</file>
         <name>atoi.obj</name>
      </input_file>
      <input_file id="fl-13e">
         <path>C:\ti\ccsv6\tools\compiler\ti-cgt-arm_5.2.5\lib\</path>
         <kind>archive</kind>
         <file>rtsv7M4_T_le_eabi.lib</file>
         <name>autoinit.obj</name>
      </input_file>
      <input_file id="fl-13f">
         <path>C:\ti\ccsv6\tools\compiler\ti-cgt-arm_5.2.5\lib\</path>
         <kind>archive</kind>
         <file>rtsv7M4_T_le_eabi.lib</file>
         <name>cpy_tbl.obj</name>
      </input_file>
      <input_file id="fl-140">
         <path>C:\ti\ccsv6\tools\compiler\ti-cgt-arm_5.2.5\lib\</path>
         <kind>archive</kind>
         <file>rtsv7M4_T_le_eabi.lib</file>
         <name>ctype.obj</name>
      </input_file>
      <input_file id="fl-141">
         <path>C:\ti\ccsv6\tools\compiler\ti-cgt-arm_5.2.5\lib\</path>
         <kind>archive</kind>
         <file>rtsv7M4_T_le_eabi.lib</file>
         <name>fd_add_t2.obj</name>
      </input_file>
      <input_file id="fl-142">
         <path>C:\ti\ccsv6\tools\compiler\ti-cgt-arm_5.2.5\lib\</path>
         <kind>archive</kind>
         <file>rtsv7M4_T_le_eabi.lib</file>
         <name>fd_cmp_t2.obj</name>
      </input_file>
      <input_file id="fl-143">
         <path>C:\ti\ccsv6\tools\compiler\ti-cgt-arm_5.2.5\lib\</path>
         <kind>archive</kind>
         <file>rtsv7M4_T_le_eabi.lib</file>
         <name>fd_div_t2.obj</name>
      </input_file>
      <input_file id="fl-144">
         <path>C:\ti\ccsv6\tools\compiler\ti-cgt-arm_5.2.5\lib\</path>
         <kind>archive</kind>
         <file>rtsv7M4_T_le_eabi.lib</file>
         <name>fd_mul_t2.obj</name>
      </input_file>
      <input_file id="fl-145">
         <path>C:\ti\ccsv6\tools\compiler\ti-cgt-arm_5.2.5\lib\</path>
         <kind>archive</kind>
         <file>rtsv7M4_T_le_eabi.lib</file>
         <name>fd_toi_t2.obj</name>
      </input_file>
      <input_file id="fl-146">
         <path>C:\ti\ccsv6\tools\compiler\ti-cgt-arm_5.2.5\lib\</path>
         <kind>archive</kind>
         <file>rtsv7M4_T_le_eabi.lib</file>
         <name>frexp.obj</name>
      </input_file>
      <input_file id="fl-147">
         <path>C:\ti\ccsv6\tools\compiler\ti-cgt-arm_5.2.5\lib\</path>
         <kind>archive</kind>
         <file>rtsv7M4_T_le_eabi.lib</file>
         <name>i_tofd_t2.obj</name>
      </input_file>
      <input_file id="fl-148">
         <path>C:\ti\ccsv6\tools\compiler\ti-cgt-arm_5.2.5\lib\</path>
         <kind>archive</kind>
         <file>rtsv7M4_T_le_eabi.lib</file>
         <name>ldexp.obj</name>
      </input_file>
      <input_file id="fl-149">
         <path>C:\ti\ccsv6\tools\compiler\ti-cgt-arm_5.2.5\lib\</path>
         <kind>archive</kind>
         <file>rtsv7M4_T_le_eabi.lib</file>
         <name>ltoa.obj</name>
      </input_file>
      <input_file id="fl-14a">
         <path>C:\ti\ccsv6\tools\compiler\ti-cgt-arm_5.2.5\lib\</path>
         <kind>archive</kind>
         <file>rtsv7M4_T_le_eabi.lib</file>
         <name>memccpy.obj</name>
      </input_file>
      <input_file id="fl-14b">
         <path>C:\ti\ccsv6\tools\compiler\ti-cgt-arm_5.2.5\lib\</path>
         <kind>archive</kind>
         <file>rtsv7M4_T_le_eabi.lib</file>
         <name>strchr.obj</name>
      </input_file>
      <input_file id="fl-14c">
         <path>C:\ti\ccsv6\tools\compiler\ti-cgt-arm_5.2.5\lib\</path>
         <kind>archive</kind>
         <file>rtsv7M4_T_le_eabi.lib</file>
         <name>ull_div_t2.obj</name>
      </input_file>
      <input_file id="fl-14d">
         <path>C:\ti\ccsv6\tools\compiler\ti-cgt-arm_5.2.5\lib\</path>
         <kind>archive</kind>
         <file>rtsv7M4_T_le_eabi.lib</file>
         <name>xdclass.obj</name>
      </input_file>
      <input_file id="fl-14e">
         <path>C:\ti\ccsv6\tools\compiler\ti-cgt-arm_5.2.5\lib\</path>
         <kind>archive</kind>
         <file>rtsv7M4_T_le_eabi.lib</file>
         <name>xdscale.obj</name>
      </input_file>
      <input_file id="fl-14f">
         <path>C:\ti\ccsv6\tools\compiler\ti-cgt-arm_5.2.5\lib\</path>
         <kind>archive</kind>
         <file>rtsv7M4_T_le_eabi.lib</file>
         <name>xdunscal.obj</name>
      </input_file>
      <input_file id="fl-150">
         <path>C:\ti\ccsv6\tools\compiler\ti-cgt-arm_5.2.5\lib\</path>
         <kind>archive</kind>
         <file>rtsv7M4_T_le_eabi.lib</file>
         <name>xferaise.obj</name>
      </input_file>
      <input_file id="fl-151">
         <path>C:\ti\ccsv6\tools\compiler\ti-cgt-arm_5.2.5\lib\</path>
         <kind>archive</kind>
         <file>rtsv7M4_T_le_eabi.lib</file>
         <name>xvalues.obj</name>
      </input_file>
      <input_file id="fl-152">
         <path>C:\ti\ccsv6\tools\compiler\ti-cgt-arm_5.2.5\lib\</path>
         <kind>archive</kind>
         <file>rtsv7M4_T_le_eabi.lib</file>
         <name>errno.obj</name>
      </input_file>
      <input_file id="fl-153">
         <path>C:\ti\ccsv6\tools\compiler\ti-cgt-arm_5.2.5\lib\</path>
         <kind>archive</kind>
         <file>rtsv7M4_T_le_eabi.lib</file>
         <name>feraiseexcept.obj</name>
      </input_file>
      <input_file id="fl-154">
         <path>C:\ti\ccsv6\tools\compiler\ti-cgt-arm_5.2.5\lib\</path>
         <kind>archive</kind>
         <file>rtsv7M4_T_le_eabi.lib</file>
         <name>raise.obj</name>
      </input_file>
      <input_file id="fl-155">
         <path>C:\ti\ccsv6\tools\compiler\ti-cgt-arm_5.2.5\lib\</path>
         <kind>archive</kind>
         <file>rtsv7M4_T_le_eabi.lib</file>
         <name>signal.obj</name>
      </input_file>
      <input_file id="fl-156">
         <path>C:\ti\ccsv6\tools\compiler\ti-cgt-arm_5.2.5\lib\</path>
         <kind>archive</kind>
         <file>rtsv7M4_T_le_eabi.lib</file>
         <name>xdnorm.obj</name>
      </input_file>
      <input_file id="fl-157">
         <path>C:\ti\CC3200SDK_1.2.0\cc3200-sdk\driverlib\ccs\Release\</path>
         <kind>archive</kind>
         <file>driverlib.a</file>
         <name>gpio.obj</name>
      </input_file>
      <input_file id="fl-158">
         <path>C:\ti\CC3200SDK_1.2.0\cc3200-sdk\driverlib\ccs\Release\</path>
         <kind>archive</kind>
         <file>driverlib.a</file>
         <name>interrupt.obj</name>
      </input_file>
      <input_file id="fl-159">
         <path>C:\ti\CC3200SDK_1.2.0\cc3200-sdk\driverlib\ccs\Release\</path>
         <kind>archive</kind>
         <file>driverlib.a</file>
         <name>pin.obj</name>
      </input_file>
      <input_file id="fl-15a">
         <path>C:\ti\CC3200SDK_1.2.0\cc3200-sdk\driverlib\ccs\Release\</path>
         <kind>archive</kind>
         <file>driverlib.a</file>
         <name>prcm.obj</name>
      </input_file>
      <input_file id="fl-15b">
         <path>C:\ti\CC3200SDK_1.2.0\cc3200-sdk\driverlib\ccs\Release\</path>
         <kind>archive</kind>
         <file>driverlib.a</file>
         <name>uart.obj</name>
      </input_file>
      <input_file id="fl-15c">
         <path>C:\ti\CC3200SDK_1.2.0\cc3200-sdk\driverlib\ccs\Release\</path>
         <kind>archive</kind>
         <file>driverlib.a</file>
         <name>utils.obj</name>
      </input_file>
      <input_file id="fl-15d">
         <path>C:\ti\CC3200SDK_1.2.0\cc3200-sdk\driverlib\ccs\Release\</path>
         <kind>archive</kind>
         <file>driverlib.a</file>
         <name>cpu.obj</name>
      </input_file>
      <input_file id="fl-15e">
         <path>C:\ti\CC3200SDK_1.2.0\cc3200-sdk\driverlib\ccs\Release\</path>
         <kind>archive</kind>
         <file>driverlib.a</file>
         <name>flash.obj</name>
      </input_file>
   </input_file_list>
   <object_component_list>
      <object_component id="oc-f">
         <name>.intvecs</name>
         <load_address>0x20004000</load_address>
         <run_address>0x20004000</run_address>
         <size>0x400</size>
         <input_file_ref idref="fl-5"/>
      </object_component>
      <object_component id="oc-212">
         <name>.text</name>
         <load_address>0x20004400</load_address>
         <run_address>0x20004400</run_address>
         <size>0x10a6</size>
         <input_file_ref idref="fl-13b"/>
      </object_component>
      <object_component id="oc-1b0">
         <name>.text</name>
         <load_address>0x200054a8</load_address>
         <run_address>0x200054a8</run_address>
         <size>0x3dc</size>
         <input_file_ref idref="fl-134"/>
      </object_component>
      <object_component id="oc-9f">
         <name>.text</name>
         <load_address>0x20005884</load_address>
         <run_address>0x20005884</run_address>
         <size>0x3bc</size>
         <input_file_ref idref="fl-3"/>
      </object_component>
      <object_component id="oc-cc">
         <name>.text</name>
         <load_address>0x20005c40</load_address>
         <run_address>0x20005c40</run_address>
         <size>0x39c</size>
         <input_file_ref idref="fl-2"/>
      </object_component>
      <object_component id="oc-f7">
         <name>.text</name>
         <load_address>0x20005fdc</load_address>
         <run_address>0x20005fdc</run_address>
         <size>0x280</size>
         <input_file_ref idref="fl-6"/>
      </object_component>
      <object_component id="oc-252">
         <name>.text</name>
         <load_address>0x2000625c</load_address>
         <run_address>0x2000625c</run_address>
         <size>0x1f4</size>
         <input_file_ref idref="fl-14c"/>
      </object_component>
      <object_component id="oc-27b">
         <name>.text</name>
         <load_address>0x20006450</load_address>
         <run_address>0x20006450</run_address>
         <size>0x1b6</size>
         <input_file_ref idref="fl-141"/>
      </object_component>
      <object_component id="oc-f1">
         <name>.text:PRCMCC3200MCUInit</name>
         <load_address>0x20006608</load_address>
         <run_address>0x20006608</run_address>
         <size>0x178</size>
         <input_file_ref idref="fl-15a"/>
      </object_component>
      <object_component id="oc-261">
         <name>.text</name>
         <load_address>0x20006780</load_address>
         <run_address>0x20006780</run_address>
         <size>0x136</size>
         <input_file_ref idref="fl-143"/>
      </object_component>
      <object_component id="oc-2cf">
         <name>.text</name>
         <load_address>0x200068b8</load_address>
         <run_address>0x200068b8</run_address>
         <size>0x110</size>
         <input_file_ref idref="fl-14e"/>
      </object_component>
      <object_component id="oc-25c">
         <name>.text</name>
         <load_address>0x200069c8</load_address>
         <run_address>0x200069c8</run_address>
         <size>0xfc</size>
         <input_file_ref idref="fl-144"/>
      </object_component>
      <object_component id="oc-2f4">
         <name>.text</name>
         <load_address>0x20006ac4</load_address>
         <run_address>0x20006ac4</run_address>
         <size>0xbe</size>
         <input_file_ref idref="fl-156"/>
      </object_component>
      <object_component id="oc-fd">
         <name>.text</name>
         <load_address>0x20006b84</load_address>
         <run_address>0x20006b84</run_address>
         <size>0xb8</size>
         <input_file_ref idref="fl-4"/>
      </object_component>
      <object_component id="oc-eb">
         <name>.text:IntEnable</name>
         <load_address>0x20006c3c</load_address>
         <run_address>0x20006c3c</run_address>
         <size>0xa8</size>
         <input_file_ref idref="fl-158"/>
      </object_component>
      <object_component id="oc-36">
         <name>.text</name>
         <load_address>0x20006ce4</load_address>
         <run_address>0x20006ce4</run_address>
         <size>0x9c</size>
         <input_file_ref idref="fl-132"/>
      </object_component>
      <object_component id="oc-180">
         <name>.text:PRCMPeripheralClockGet</name>
         <load_address>0x20006d80</load_address>
         <run_address>0x20006d80</run_address>
         <size>0x94</size>
         <input_file_ref idref="fl-15a"/>
      </object_component>
      <object_component id="oc-230">
         <name>.text:PinConfigSet</name>
         <load_address>0x20006e14</load_address>
         <run_address>0x20006e14</run_address>
         <size>0x88</size>
         <input_file_ref idref="fl-159"/>
      </object_component>
      <object_component id="oc-192">
         <name>.text</name>
         <load_address>0x20006e9c</load_address>
         <run_address>0x20006e9c</run_address>
         <size>0x88</size>
         <input_file_ref idref="fl-139"/>
      </object_component>
      <object_component id="oc-257">
         <name>.text:__aeabi_cdcmple</name>
         <load_address>0x20006f24</load_address>
         <run_address>0x20006f24</run_address>
         <size>0x86</size>
         <input_file_ref idref="fl-142"/>
      </object_component>
      <object_component id="oc-266">
         <name>.text:__aeabi_cdrcmple</name>
         <load_address>0x20006faa</load_address>
         <run_address>0x20006faa</run_address>
         <size>0x86</size>
         <input_file_ref idref="fl-142"/>
      </object_component>
      <object_component id="oc-121">
         <name>.text:GPIOIntTypeSet</name>
         <load_address>0x20007030</load_address>
         <run_address>0x20007030</run_address>
         <size>0x82</size>
         <input_file_ref idref="fl-157"/>
      </object_component>
      <object_component id="oc-4f">
         <name>.text</name>
         <load_address>0x200070b2</load_address>
         <run_address>0x200070b2</run_address>
         <size>0x7a</size>
         <input_file_ref idref="fl-135"/>
      </object_component>
      <object_component id="oc-186">
         <name>.text:UARTConfigSetExpClk</name>
         <load_address>0x2000712c</load_address>
         <run_address>0x2000712c</run_address>
         <size>0x76</size>
         <input_file_ref idref="fl-15b"/>
      </object_component>
      <object_component id="oc-61">
         <name>.text</name>
         <load_address>0x200071a4</load_address>
         <run_address>0x200071a4</run_address>
         <size>0x6c</size>
         <input_file_ref idref="fl-13e"/>
      </object_component>
      <object_component id="oc-42">
         <name>.text</name>
         <load_address>0x20007210</load_address>
         <run_address>0x20007210</run_address>
         <size>0x6a</size>
         <input_file_ref idref="fl-12f"/>
      </object_component>
      <object_component id="oc-2c7">
         <name>.text</name>
         <load_address>0x2000727a</load_address>
         <run_address>0x2000727a</run_address>
         <size>0x66</size>
         <input_file_ref idref="fl-14f"/>
      </object_component>
      <object_component id="oc-173">
         <name>.text:PRCMPeripheralReset</name>
         <load_address>0x200072e0</load_address>
         <run_address>0x200072e0</run_address>
         <size>0x58</size>
         <input_file_ref idref="fl-15a"/>
      </object_component>
      <object_component id="oc-270">
         <name>.text</name>
         <load_address>0x20007338</load_address>
         <run_address>0x20007338</run_address>
         <size>0x56</size>
         <input_file_ref idref="fl-149"/>
      </object_component>
      <object_component id="oc-127">
         <name>.text:IntPrioritySet</name>
         <load_address>0x20007390</load_address>
         <run_address>0x20007390</run_address>
         <size>0x54</size>
         <input_file_ref idref="fl-158"/>
      </object_component>
      <object_component id="oc-29e">
         <name>.text</name>
         <load_address>0x200073e4</load_address>
         <run_address>0x200073e4</run_address>
         <size>0x4c</size>
         <input_file_ref idref="fl-13d"/>
      </object_component>
      <object_component id="oc-97">
         <name>.text</name>
         <load_address>0x20007430</load_address>
         <run_address>0x20007430</run_address>
         <size>0x4c</size>
         <input_file_ref idref="fl-13f"/>
      </object_component>
      <object_component id="oc-1e1">
         <name>.text:GPIOGetIntNumber</name>
         <load_address>0x2000747c</load_address>
         <run_address>0x2000747c</run_address>
         <size>0x48</size>
         <input_file_ref idref="fl-157"/>
      </object_component>
      <object_component id="oc-26b">
         <name>.text</name>
         <load_address>0x200074c4</load_address>
         <run_address>0x200074c4</run_address>
         <size>0x48</size>
         <input_file_ref idref="fl-145"/>
      </object_component>
      <object_component id="oc-286">
         <name>.text</name>
         <load_address>0x2000750c</load_address>
         <run_address>0x2000750c</run_address>
         <size>0x46</size>
         <input_file_ref idref="fl-148"/>
      </object_component>
      <object_component id="oc-6d">
         <name>.text</name>
         <load_address>0x20007554</load_address>
         <run_address>0x20007554</run_address>
         <size>0x44</size>
         <input_file_ref idref="fl-131"/>
      </object_component>
      <object_component id="oc-236">
         <name>.text:PinModeSet</name>
         <load_address>0x20007598</load_address>
         <run_address>0x20007598</run_address>
         <size>0x40</size>
         <input_file_ref idref="fl-159"/>
      </object_component>
      <object_component id="oc-339">
         <name>.text</name>
         <load_address>0x200075d8</load_address>
         <run_address>0x200075d8</run_address>
         <size>0x40</size>
         <input_file_ref idref="fl-155"/>
      </object_component>
      <object_component id="oc-16d">
         <name>.text:PRCMPeripheralClkEnable</name>
         <load_address>0x20007618</load_address>
         <run_address>0x20007618</run_address>
         <size>0x3c</size>
         <input_file_ref idref="fl-15a"/>
      </object_component>
      <object_component id="oc-24">
         <name>.text</name>
         <load_address>0x20007654</load_address>
         <run_address>0x20007654</run_address>
         <size>0x3c</size>
         <input_file_ref idref="fl-12d"/>
      </object_component>
      <object_component id="oc-1ca">
         <name>.text:GPIODirModeSet</name>
         <load_address>0x20007690</load_address>
         <run_address>0x20007690</run_address>
         <size>0x36</size>
         <input_file_ref idref="fl-157"/>
      </object_component>
      <object_component id="oc-303">
         <name>.text</name>
         <load_address>0x200076c8</load_address>
         <run_address>0x200076c8</run_address>
         <size>0x34</size>
         <input_file_ref idref="fl-153"/>
      </object_component>
      <object_component id="oc-1c4">
         <name>.text:PinTypeGPIO</name>
         <load_address>0x200076fc</load_address>
         <run_address>0x200076fc</run_address>
         <size>0x30</size>
         <input_file_ref idref="fl-159"/>
      </object_component>
      <object_component id="oc-204">
         <name>.text:UARTDisable</name>
         <load_address>0x2000772c</load_address>
         <run_address>0x2000772c</run_address>
         <size>0x30</size>
         <input_file_ref idref="fl-15b"/>
      </object_component>
      <object_component id="oc-2d5">
         <name>.text</name>
         <load_address>0x2000775c</load_address>
         <run_address>0x2000775c</run_address>
         <size>0x30</size>
         <input_file_ref idref="fl-150"/>
      </object_component>
      <object_component id="oc-276">
         <name>.text</name>
         <load_address>0x2000778c</load_address>
         <run_address>0x2000778c</run_address>
         <size>0x2e</size>
         <input_file_ref idref="fl-147"/>
      </object_component>
      <object_component id="oc-329">
         <name>.text</name>
         <load_address>0x200077ba</load_address>
         <run_address>0x200077ba</run_address>
         <size>0x2e</size>
         <input_file_ref idref="fl-154"/>
      </object_component>
      <object_component id="oc-15b">
         <name>.text:PRCMSysResetCauseGet</name>
         <load_address>0x200077e8</load_address>
         <run_address>0x200077e8</run_address>
         <size>0x2c</size>
         <input_file_ref idref="fl-15a"/>
      </object_component>
      <object_component id="oc-292">
         <name>.text</name>
         <load_address>0x20007814</load_address>
         <run_address>0x20007814</run_address>
         <size>0x2a</size>
         <input_file_ref idref="fl-14d"/>
      </object_component>
      <object_component id="oc-179">
         <name>.text:PRCMPeripheralClkDisable</name>
         <load_address>0x20007840</load_address>
         <run_address>0x20007840</run_address>
         <size>0x28</size>
         <input_file_ref idref="fl-15a"/>
      </object_component>
      <object_component id="oc-20a">
         <name>.text:UARTEnable</name>
         <load_address>0x20007868</load_address>
         <run_address>0x20007868</run_address>
         <size>0x24</size>
         <input_file_ref idref="fl-15b"/>
      </object_component>
      <object_component id="oc-1aa">
         <name>.text</name>
         <load_address>0x2000788c</load_address>
         <run_address>0x2000788c</run_address>
         <size>0x24</size>
         <input_file_ref idref="fl-133"/>
      </object_component>
      <object_component id="oc-280">
         <name>.text</name>
         <load_address>0x200078b0</load_address>
         <run_address>0x200078b0</run_address>
         <size>0x22</size>
         <input_file_ref idref="fl-146"/>
      </object_component>
      <object_component id="oc-d2">
         <name>.text:GPIOPinWrite</name>
         <load_address>0x200078d2</load_address>
         <run_address>0x200078d2</run_address>
         <size>0x20</size>
         <input_file_ref idref="fl-157"/>
      </object_component>
      <object_component id="oc-1e7">
         <name>.text:IntRegister</name>
         <load_address>0x200078f4</load_address>
         <run_address>0x200078f4</run_address>
         <size>0x20</size>
         <input_file_ref idref="fl-158"/>
      </object_component>
      <object_component id="oc-12d">
         <name>.text:GPIOIntRegister</name>
         <load_address>0x20007914</load_address>
         <run_address>0x20007914</run_address>
         <size>0x1e</size>
         <input_file_ref idref="fl-157"/>
      </object_component>
      <object_component id="oc-18c">
         <name>.text:UARTCharPut</name>
         <load_address>0x20007932</load_address>
         <run_address>0x20007932</run_address>
         <size>0x1e</size>
         <input_file_ref idref="fl-15b"/>
      </object_component>
      <object_component id="oc-19e">
         <name>.text:UARTCharGetNonBlocking</name>
         <load_address>0x20007950</load_address>
         <run_address>0x20007950</run_address>
         <size>0x1c</size>
         <input_file_ref idref="fl-15b"/>
      </object_component>
      <object_component id="oc-298">
         <name>.text</name>
         <load_address>0x2000796c</load_address>
         <run_address>0x2000796c</run_address>
         <size>0x1c</size>
         <input_file_ref idref="fl-14a"/>
      </object_component>
      <object_component id="oc-139">
         <name>.text:GPIOIntEnable</name>
         <load_address>0x20007988</load_address>
         <run_address>0x20007988</run_address>
         <size>0x1a</size>
         <input_file_ref idref="fl-157"/>
      </object_component>
      <object_component id="oc-1d0">
         <name>.text:PinTypeUART</name>
         <load_address>0x200079a2</load_address>
         <run_address>0x200079a2</run_address>
         <size>0x1a</size>
         <input_file_ref idref="fl-159"/>
      </object_component>
      <object_component id="oc-d8">
         <name>.text:GPIOPinRead</name>
         <load_address>0x200079bc</load_address>
         <run_address>0x200079bc</run_address>
         <size>0x18</size>
         <input_file_ref idref="fl-157"/>
      </object_component>
      <object_component id="oc-198">
         <name>.text:UARTCharsAvail</name>
         <load_address>0x200079d4</load_address>
         <run_address>0x200079d4</run_address>
         <size>0x18</size>
         <input_file_ref idref="fl-15b"/>
      </object_component>
      <object_component id="oc-67">
         <name>.text</name>
         <load_address>0x200079ec</load_address>
         <run_address>0x200079ec</run_address>
         <size>0x18</size>
         <input_file_ref idref="fl-13c"/>
      </object_component>
      <object_component id="oc-161">
         <name>.text:PRCMHIBRegRead</name>
         <load_address>0x20007a04</load_address>
         <run_address>0x20007a04</run_address>
         <size>0x16</size>
         <input_file_ref idref="fl-15a"/>
      </object_component>
      <object_component id="oc-167">
         <name>.text:PRCMHIBRegWrite</name>
         <load_address>0x20007a1a</load_address>
         <run_address>0x20007a1a</run_address>
         <size>0x16</size>
         <input_file_ref idref="fl-15a"/>
      </object_component>
      <object_component id="oc-28c">
         <name>.text</name>
         <load_address>0x20007a30</load_address>
         <run_address>0x20007a30</run_address>
         <size>0x16</size>
         <input_file_ref idref="fl-14b"/>
      </object_component>
      <object_component id="oc-14b">
         <name>.text:CPUcpsie</name>
         <load_address>0x20007a46</load_address>
         <run_address>0x20007a46</run_address>
         <size>0x14</size>
         <input_file_ref idref="fl-15d"/>
      </object_component>
      <object_component id="oc-133">
         <name>.text:GPIOIntClear</name>
         <load_address>0x20007a5a</load_address>
         <run_address>0x20007a5a</run_address>
         <size>0x14</size>
         <input_file_ref idref="fl-157"/>
      </object_component>
      <object_component id="oc-df">
         <name>.text:IntVTableBaseSet</name>
         <load_address>0x20007a70</load_address>
         <run_address>0x20007a70</run_address>
         <size>0x14</size>
         <input_file_ref idref="fl-158"/>
      </object_component>
      <object_component id="oc-10c">
         <name>.text</name>
         <load_address>0x20007a84</load_address>
         <run_address>0x20007a84</run_address>
         <size>0x14</size>
         <input_file_ref idref="fl-13a"/>
      </object_component>
      <object_component id="oc-1a4">
         <name>.text</name>
         <load_address>0x20007a98</load_address>
         <run_address>0x20007a98</run_address>
         <size>0x14</size>
         <input_file_ref idref="fl-138"/>
      </object_component>
      <object_component id="oc-12">
         <name>.text:decompress:none</name>
         <load_address>0x20007aac</load_address>
         <run_address>0x20007aac</run_address>
         <size>0xe</size>
         <input_file_ref idref="fl-12e"/>
      </object_component>
      <object_component id="oc-2d">
         <name>.text</name>
         <load_address>0x20007aba</load_address>
         <run_address>0x20007aba</run_address>
         <size>0xe</size>
         <input_file_ref idref="fl-5"/>
      </object_component>
      <object_component id="oc-1e">
         <name>.text:decompress:ZI</name>
         <load_address>0x20007ac8</load_address>
         <run_address>0x20007ac8</run_address>
         <size>0xc</size>
         <input_file_ref idref="fl-130"/>
      </object_component>
      <object_component id="oc-e5">
         <name>.text:IntMasterEnable</name>
         <load_address>0x20007ad4</load_address>
         <run_address>0x20007ad4</run_address>
         <size>0xa</size>
         <input_file_ref idref="fl-158"/>
      </object_component>
      <object_component id="oc-de">
         <name>.text:UtilsDelay</name>
         <load_address>0x20007ade</load_address>
         <run_address>0x20007ade</run_address>
         <size>0x6</size>
         <input_file_ref idref="fl-15c"/>
      </object_component>
      <object_component id="oc-18">
         <name>.text:decompress:rle24</name>
         <load_address>0x20007ae4</load_address>
         <run_address>0x20007ae4</run_address>
         <size>0x6</size>
         <input_file_ref idref="fl-12f"/>
      </object_component>
      <object_component id="oc-5b">
         <name>.text</name>
         <load_address>0x20007aea</load_address>
         <run_address>0x20007aea</run_address>
         <size>0x4</size>
         <input_file_ref idref="fl-136"/>
      </object_component>
      <object_component id="oc-2e3">
         <name>.const:.string:_ctypes_</name>
         <load_address>0x20007af0</load_address>
         <run_address>0x20007af0</run_address>
         <size>0x101</size>
         <input_file_ref idref="fl-140"/>
      </object_component>
      <object_component id="oc-2b8">
         <name>.const:g_ulPinToPadMap</name>
         <load_address>0x20007bf4</load_address>
         <run_address>0x20007bf4</run_address>
         <size>0x100</size>
         <input_file_ref idref="fl-159"/>
      </object_component>
      <object_component id="oc-1dd">
         <name>.const:g_pulRegs</name>
         <load_address>0x20007cf4</load_address>
         <run_address>0x20007cf4</run_address>
         <size>0xd4</size>
         <input_file_ref idref="fl-158"/>
      </object_component>
      <object_component id="oc-1fc">
         <name>.const:PRCM_PeriphRegsList</name>
         <load_address>0x20007dc8</load_address>
         <run_address>0x20007dc8</run_address>
         <size>0xa8</size>
         <input_file_ref idref="fl-15a"/>
      </object_component>
      <object_component id="oc-157">
         <name>.const</name>
         <load_address>0x20007e70</load_address>
         <run_address>0x20007e70</run_address>
         <size>0x80</size>
         <input_file_ref idref="fl-158"/>
      </object_component>
      <object_component id="oc-37f">
         <name>.cinit..data.load</name>
         <load_address>0x20007ef0</load_address>
         <run_address>0x20007ef0</run_address>
         <size>0x64</size>
      </object_component>
      <object_component id="oc-37d">
         <name>__TI_handler_table</name>
         <load_address>0x20007f54</load_address>
         <run_address>0x20007f54</run_address>
         <size>0xc</size>
      </object_component>
      <object_component id="oc-380">
         <name>.cinit..bss.load</name>
         <load_address>0x20007f60</load_address>
         <run_address>0x20007f60</run_address>
         <size>0x8</size>
      </object_component>
      <object_component id="oc-37e">
         <name>__TI_cinit_table</name>
         <load_address>0x20007f68</load_address>
         <run_address>0x20007f68</run_address>
         <size>0x10</size>
      </object_component>
      <object_component id="oc-2a">
         <name>.sysmem</name>
         <uninitialized>true</uninitialized>
         <run_address>0x2001d000</run_address>
         <size>0x8</size>
         <input_file_ref idref="fl-134"/>
      </object_component>
      <object_component id="oc-382">
         <name>.sysmem</name>
         <uninitialized>true</uninitialized>
         <run_address>0x2001d000</run_address>
         <size>0x0</size>
      </object_component>
      <object_component id="oc-29">
         <name>.stack</name>
         <uninitialized>true</uninitialized>
         <run_address>0x2003f800</run_address>
         <size>0x0</size>
         <input_file_ref idref="fl-12d"/>
      </object_component>
      <object_component id="oc-381">
         <name>.stack</name>
         <uninitialized>true</uninitialized>
         <run_address>0x2003f800</run_address>
         <size>0x0</size>
      </object_component>
      <object_component id="oc-142">
         <name>.common:g_ucLED1Pin</name>
         <uninitialized>true</uninitialized>
         <run_address>0x2001d980</run_address>
         <size>0x1</size>
      </object_component>
      <object_component id="oc-145">
         <name>.common:g_ucLED2Pin</name>
         <uninitialized>true</uninitialized>
         <run_address>0x2001d981</run_address>
         <size>0x1</size>
      </object_component>
      <object_component id="oc-146">
         <name>.common:g_ucLED3Pin</name>
         <uninitialized>true</uninitialized>
         <run_address>0x2001d982</run_address>
         <size>0x1</size>
      </object_component>
      <object_component id="oc-1b6">
         <name>.common:__Errorlog</name>
         <uninitialized>true</uninitialized>
         <run_address>0x2001d97c</run_address>
         <size>0x4</size>
      </object_component>
      <object_component id="oc-13f">
         <name>.data</name>
         <load_address>0x2001d930</load_address>
         <run_address>0x2001d930</run_address>
         <size>0x20</size>
         <input_file_ref idref="fl-2"/>
      </object_component>
      <object_component id="oc-aa">
         <name>.data</name>
         <load_address>0x2001d964</load_address>
         <run_address>0x2001d964</run_address>
         <size>0x8</size>
         <input_file_ref idref="fl-131"/>
      </object_component>
      <object_component id="oc-22a">
         <name>.data</name>
         <load_address>0x2001d950</load_address>
         <run_address>0x2001d950</run_address>
         <size>0xc</size>
         <input_file_ref idref="fl-134"/>
      </object_component>
      <object_component id="oc-73">
         <name>.data</name>
         <load_address>0x2001d978</load_address>
         <run_address>0x2001d978</run_address>
         <size>0x4</size>
         <input_file_ref idref="fl-137"/>
      </object_component>
      <object_component id="oc-a7">
         <name>.data</name>
         <load_address>0x2001d95c</load_address>
         <run_address>0x2001d95c</run_address>
         <size>0x8</size>
         <input_file_ref idref="fl-13a"/>
      </object_component>
      <object_component id="oc-2fe">
         <name>.data</name>
         <load_address>0x2001d8b0</load_address>
         <run_address>0x2001d8b0</run_address>
         <size>0x80</size>
         <input_file_ref idref="fl-151"/>
      </object_component>
      <object_component id="oc-309">
         <name>.data</name>
         <load_address>0x2001d974</load_address>
         <run_address>0x2001d974</run_address>
         <size>0x4</size>
         <input_file_ref idref="fl-152"/>
      </object_component>
      <object_component id="oc-32f">
         <name>.data</name>
         <load_address>0x2001d96c</load_address>
         <run_address>0x2001d96c</run_address>
         <size>0x8</size>
         <input_file_ref idref="fl-153"/>
      </object_component>
      <object_component id="oc-34a">
         <name>.data:sigtable</name>
         <load_address>0x2001d800</load_address>
         <run_address>0x2001d800</run_address>
         <size>0xb0</size>
         <input_file_ref idref="fl-155"/>
      </object_component>
      <object_component id="oc-143">
         <name>.debug_info</name>
         <load_address>0x0</load_address>
         <run_address>0x0</run_address>
         <size>0x2b0</size>
         <input_file_ref idref="fl-2"/>
      </object_component>
      <object_component id="oc-140">
         <name>.debug_info</name>
         <load_address>0x2b0</load_address>
         <run_address>0x2b0</run_address>
         <size>0x13d</size>
         <input_file_ref idref="fl-2"/>
      </object_component>
      <object_component id="oc-cd">
         <name>.debug_info</name>
         <load_address>0x3ed</load_address>
         <run_address>0x3ed</run_address>
         <size>0xb43</size>
         <input_file_ref idref="fl-2"/>
      </object_component>
      <object_component id="oc-24b">
         <name>.debug_info</name>
         <load_address>0xf30</load_address>
         <run_address>0xf30</run_address>
         <size>0x62</size>
         <input_file_ref idref="fl-2"/>
      </object_component>
      <object_component id="oc-7e">
         <name>.debug_info</name>
         <load_address>0xf92</load_address>
         <run_address>0xf92</run_address>
         <size>0x84</size>
         <input_file_ref idref="fl-2"/>
      </object_component>
      <object_component id="oc-152">
         <name>.debug_info</name>
         <load_address>0x1016</load_address>
         <run_address>0x1016</run_address>
         <size>0x2c</size>
         <input_file_ref idref="fl-2"/>
      </object_component>
      <object_component id="oc-1ba">
         <name>.debug_info</name>
         <load_address>0x1042</load_address>
         <run_address>0x1042</run_address>
         <size>0x4e</size>
         <input_file_ref idref="fl-2"/>
      </object_component>
      <object_component id="oc-104">
         <name>.debug_info</name>
         <load_address>0x1090</load_address>
         <run_address>0x1090</run_address>
         <size>0x343</size>
         <input_file_ref idref="fl-3"/>
      </object_component>
      <object_component id="oc-a2">
         <name>.debug_info</name>
         <load_address>0x13d3</load_address>
         <run_address>0x13d3</run_address>
         <size>0x619</size>
         <input_file_ref idref="fl-3"/>
      </object_component>
      <object_component id="oc-100">
         <name>.debug_info</name>
         <load_address>0x19ec</load_address>
         <run_address>0x19ec</run_address>
         <size>0x29c</size>
         <input_file_ref idref="fl-4"/>
      </object_component>
      <object_component id="oc-35">
         <name>.debug_info</name>
         <load_address>0x1c88</load_address>
         <run_address>0x1c88</run_address>
         <size>0xf0</size>
         <input_file_ref idref="fl-5"/>
      </object_component>
      <object_component id="oc-10">
         <name>.debug_info</name>
         <load_address>0x1d78</load_address>
         <run_address>0x1d78</run_address>
         <size>0xd5</size>
         <input_file_ref idref="fl-5"/>
      </object_component>
      <object_component id="oc-30">
         <name>.debug_info</name>
         <load_address>0x1e4d</load_address>
         <run_address>0x1e4d</run_address>
         <size>0x234</size>
         <input_file_ref idref="fl-5"/>
      </object_component>
      <object_component id="oc-1b7">
         <name>.debug_info</name>
         <load_address>0x2081</load_address>
         <run_address>0x2081</run_address>
         <size>0x370</size>
         <input_file_ref idref="fl-6"/>
      </object_component>
      <object_component id="oc-f8">
         <name>.debug_info</name>
         <load_address>0x23f1</load_address>
         <run_address>0x23f1</run_address>
         <size>0x633</size>
         <input_file_ref idref="fl-6"/>
      </object_component>
      <object_component id="oc-1bf">
         <name>.debug_info</name>
         <load_address>0x2a24</load_address>
         <run_address>0x2a24</run_address>
         <size>0x110</size>
         <input_file_ref idref="fl-6"/>
      </object_component>
      <object_component id="oc-26">
         <name>.debug_info</name>
         <load_address>0x2b34</load_address>
         <run_address>0x2b34</run_address>
         <size>0x11c</size>
         <input_file_ref idref="fl-12d"/>
      </object_component>
      <object_component id="oc-41">
         <name>.debug_info</name>
         <load_address>0x2c50</load_address>
         <run_address>0x2c50</run_address>
         <size>0x109</size>
         <input_file_ref idref="fl-12e"/>
      </object_component>
      <object_component id="oc-13">
         <name>.debug_info</name>
         <load_address>0x2d59</load_address>
         <run_address>0x2d59</run_address>
         <size>0x1a8</size>
         <input_file_ref idref="fl-12e"/>
      </object_component>
      <object_component id="oc-3c">
         <name>.debug_info</name>
         <load_address>0x2f01</load_address>
         <run_address>0x2f01</run_address>
         <size>0x46</size>
         <input_file_ref idref="fl-12e"/>
      </object_component>
      <object_component id="oc-84">
         <name>.debug_info</name>
         <load_address>0x2f47</load_address>
         <run_address>0x2f47</run_address>
         <size>0x2c</size>
         <input_file_ref idref="fl-12e"/>
      </object_component>
      <object_component id="oc-49">
         <name>.debug_info</name>
         <load_address>0x2f73</load_address>
         <run_address>0x2f73</run_address>
         <size>0xfd</size>
         <input_file_ref idref="fl-12f"/>
      </object_component>
      <object_component id="oc-43">
         <name>.debug_info</name>
         <load_address>0x3070</load_address>
         <run_address>0x3070</run_address>
         <size>0x210</size>
         <input_file_ref idref="fl-12f"/>
      </object_component>
      <object_component id="oc-19">
         <name>.debug_info</name>
         <load_address>0x3280</load_address>
         <run_address>0x3280</run_address>
         <size>0x17a</size>
         <input_file_ref idref="fl-12f"/>
      </object_component>
      <object_component id="oc-4a">
         <name>.debug_info</name>
         <load_address>0x33fa</load_address>
         <run_address>0x33fa</run_address>
         <size>0x39</size>
         <input_file_ref idref="fl-12f"/>
      </object_component>
      <object_component id="oc-8e">
         <name>.debug_info</name>
         <load_address>0x3433</load_address>
         <run_address>0x3433</run_address>
         <size>0x2c</size>
         <input_file_ref idref="fl-12f"/>
      </object_component>
      <object_component id="oc-5a">
         <name>.debug_info</name>
         <load_address>0x345f</load_address>
         <run_address>0x345f</run_address>
         <size>0xf8</size>
         <input_file_ref idref="fl-130"/>
      </object_component>
      <object_component id="oc-20">
         <name>.debug_info</name>
         <load_address>0x3557</load_address>
         <run_address>0x3557</run_address>
         <size>0x173</size>
         <input_file_ref idref="fl-130"/>
      </object_component>
      <object_component id="oc-55">
         <name>.debug_info</name>
         <load_address>0x36ca</load_address>
         <run_address>0x36ca</run_address>
         <size>0x46</size>
         <input_file_ref idref="fl-130"/>
      </object_component>
      <object_component id="oc-ae">
         <name>.debug_info</name>
         <load_address>0x3710</load_address>
         <run_address>0x3710</run_address>
         <size>0x15a</size>
         <input_file_ref idref="fl-131"/>
      </object_component>
      <object_component id="oc-ab">
         <name>.debug_info</name>
         <load_address>0x386a</load_address>
         <run_address>0x386a</run_address>
         <size>0xff</size>
         <input_file_ref idref="fl-131"/>
      </object_component>
      <object_component id="oc-6e">
         <name>.debug_info</name>
         <load_address>0x3969</load_address>
         <run_address>0x3969</run_address>
         <size>0x1d6</size>
         <input_file_ref idref="fl-131"/>
      </object_component>
      <object_component id="oc-39">
         <name>.debug_info</name>
         <load_address>0x3b3f</load_address>
         <run_address>0x3b3f</run_address>
         <size>0xde</size>
         <input_file_ref idref="fl-132"/>
      </object_component>
      <object_component id="oc-229">
         <name>.debug_info</name>
         <load_address>0x3c1d</load_address>
         <run_address>0x3c1d</run_address>
         <size>0xf5</size>
         <input_file_ref idref="fl-133"/>
      </object_component>
      <object_component id="oc-1ad">
         <name>.debug_info</name>
         <load_address>0x3d12</load_address>
         <run_address>0x3d12</run_address>
         <size>0x174</size>
         <input_file_ref idref="fl-133"/>
      </object_component>
      <object_component id="oc-79">
         <name>.debug_info</name>
         <load_address>0x3e86</load_address>
         <run_address>0x3e86</run_address>
         <size>0x1eb</size>
         <input_file_ref idref="fl-134"/>
      </object_component>
      <object_component id="oc-2b">
         <name>.debug_info</name>
         <load_address>0x4071</load_address>
         <run_address>0x4071</run_address>
         <size>0xca</size>
         <input_file_ref idref="fl-134"/>
      </object_component>
      <object_component id="oc-22b">
         <name>.debug_info</name>
         <load_address>0x413b</load_address>
         <run_address>0x413b</run_address>
         <size>0x115</size>
         <input_file_ref idref="fl-134"/>
      </object_component>
      <object_component id="oc-1b1">
         <name>.debug_info</name>
         <load_address>0x4250</load_address>
         <run_address>0x4250</run_address>
         <size>0x854</size>
         <input_file_ref idref="fl-134"/>
      </object_component>
      <object_component id="oc-b4">
         <name>.debug_info</name>
         <load_address>0x4aa4</load_address>
         <run_address>0x4aa4</run_address>
         <size>0x2c</size>
         <input_file_ref idref="fl-134"/>
      </object_component>
      <object_component id="oc-b9">
         <name>.debug_info</name>
         <load_address>0x4ad0</load_address>
         <run_address>0x4ad0</run_address>
         <size>0x62</size>
         <input_file_ref idref="fl-134"/>
      </object_component>
      <object_component id="oc-50">
         <name>.debug_info</name>
         <load_address>0x4b32</load_address>
         <run_address>0x4b32</run_address>
         <size>0x10c</size>
         <input_file_ref idref="fl-135"/>
      </object_component>
      <object_component id="oc-5e">
         <name>.debug_info</name>
         <load_address>0x4c3e</load_address>
         <run_address>0x4c3e</run_address>
         <size>0x111</size>
         <input_file_ref idref="fl-136"/>
      </object_component>
      <object_component id="oc-74">
         <name>.debug_info</name>
         <load_address>0x4d4f</load_address>
         <run_address>0x4d4f</run_address>
         <size>0xd2</size>
         <input_file_ref idref="fl-137"/>
      </object_component>
      <object_component id="oc-227">
         <name>.debug_info</name>
         <load_address>0x4e21</load_address>
         <run_address>0x4e21</run_address>
         <size>0xb3</size>
         <input_file_ref idref="fl-138"/>
      </object_component>
      <object_component id="oc-1a5">
         <name>.debug_info</name>
         <load_address>0x4ed4</load_address>
         <run_address>0x4ed4</run_address>
         <size>0x193</size>
         <input_file_ref idref="fl-138"/>
      </object_component>
      <object_component id="oc-219">
         <name>.debug_info</name>
         <load_address>0x5067</load_address>
         <run_address>0x5067</run_address>
         <size>0x191</size>
         <input_file_ref idref="fl-139"/>
      </object_component>
      <object_component id="oc-195">
         <name>.debug_info</name>
         <load_address>0x51f8</load_address>
         <run_address>0x51f8</run_address>
         <size>0x325</size>
         <input_file_ref idref="fl-139"/>
      </object_component>
      <object_component id="oc-21a">
         <name>.debug_info</name>
         <load_address>0x551d</load_address>
         <run_address>0x551d</run_address>
         <size>0x2c</size>
         <input_file_ref idref="fl-139"/>
      </object_component>
      <object_component id="oc-21f">
         <name>.debug_info</name>
         <load_address>0x5549</load_address>
         <run_address>0x5549</run_address>
         <size>0x69</size>
         <input_file_ref idref="fl-139"/>
      </object_component>
      <object_component id="oc-114">
         <name>.debug_info</name>
         <load_address>0x55b2</load_address>
         <run_address>0x55b2</run_address>
         <size>0xed</size>
         <input_file_ref idref="fl-13a"/>
      </object_component>
      <object_component id="oc-a8">
         <name>.debug_info</name>
         <load_address>0x569f</load_address>
         <run_address>0x569f</run_address>
         <size>0xdc</size>
         <input_file_ref idref="fl-13a"/>
      </object_component>
      <object_component id="oc-10e">
         <name>.debug_info</name>
         <load_address>0x577b</load_address>
         <run_address>0x577b</run_address>
         <size>0x1e8</size>
         <input_file_ref idref="fl-13a"/>
      </object_component>
      <object_component id="oc-2a5">
         <name>.debug_info</name>
         <load_address>0x5963</load_address>
         <run_address>0x5963</run_address>
         <size>0x320</size>
         <input_file_ref idref="fl-13b"/>
      </object_component>
      <object_component id="oc-213">
         <name>.debug_info</name>
         <load_address>0x5c83</load_address>
         <run_address>0x5c83</run_address>
         <size>0x17d0</size>
         <input_file_ref idref="fl-13b"/>
      </object_component>
      <object_component id="oc-2a6">
         <name>.debug_info</name>
         <load_address>0x7453</load_address>
         <run_address>0x7453</run_address>
         <size>0x86</size>
         <input_file_ref idref="fl-13b"/>
      </object_component>
      <object_component id="oc-2ea">
         <name>.debug_info</name>
         <load_address>0x74d9</load_address>
         <run_address>0x74d9</run_address>
         <size>0x46</size>
         <input_file_ref idref="fl-13b"/>
      </object_component>
      <object_component id="oc-2ab">
         <name>.debug_info</name>
         <load_address>0x751f</load_address>
         <run_address>0x751f</run_address>
         <size>0x39</size>
         <input_file_ref idref="fl-13b"/>
      </object_component>
      <object_component id="oc-a6">
         <name>.debug_info</name>
         <load_address>0x7558</load_address>
         <run_address>0x7558</run_address>
         <size>0x12f</size>
         <input_file_ref idref="fl-13c"/>
      </object_component>
      <object_component id="oc-68">
         <name>.debug_info</name>
         <load_address>0x7687</load_address>
         <run_address>0x7687</run_address>
         <size>0x130</size>
         <input_file_ref idref="fl-13c"/>
      </object_component>
      <object_component id="oc-107">
         <name>.debug_info</name>
         <load_address>0x77b7</load_address>
         <run_address>0x77b7</run_address>
         <size>0x5e</size>
         <input_file_ref idref="fl-13c"/>
      </object_component>
      <object_component id="oc-2e7">
         <name>.debug_info</name>
         <load_address>0x7815</load_address>
         <run_address>0x7815</run_address>
         <size>0xdd</size>
         <input_file_ref idref="fl-13d"/>
      </object_component>
      <object_component id="oc-2a2">
         <name>.debug_info</name>
         <load_address>0x78f2</load_address>
         <run_address>0x78f2</run_address>
         <size>0x13a</size>
         <input_file_ref idref="fl-13d"/>
      </object_component>
      <object_component id="oc-9e">
         <name>.debug_info</name>
         <load_address>0x7a2c</load_address>
         <run_address>0x7a2c</run_address>
         <size>0x286</size>
         <input_file_ref idref="fl-13e"/>
      </object_component>
      <object_component id="oc-64">
         <name>.debug_info</name>
         <load_address>0x7cb2</load_address>
         <run_address>0x7cb2</run_address>
         <size>0x140</size>
         <input_file_ref idref="fl-13e"/>
      </object_component>
      <object_component id="oc-c2">
         <name>.debug_info</name>
         <load_address>0x7df2</load_address>
         <run_address>0x7df2</run_address>
         <size>0x39</size>
         <input_file_ref idref="fl-13e"/>
      </object_component>
      <object_component id="oc-c7">
         <name>.debug_info</name>
         <load_address>0x7e2b</load_address>
         <run_address>0x7e2b</run_address>
         <size>0xcd</size>
         <input_file_ref idref="fl-13e"/>
      </object_component>
      <object_component id="oc-bf">
         <name>.debug_info</name>
         <load_address>0x7ef8</load_address>
         <run_address>0x7ef8</run_address>
         <size>0x1a9</size>
         <input_file_ref idref="fl-13f"/>
      </object_component>
      <object_component id="oc-98">
         <name>.debug_info</name>
         <load_address>0x80a1</load_address>
         <run_address>0x80a1</run_address>
         <size>0x14c</size>
         <input_file_ref idref="fl-13f"/>
      </object_component>
      <object_component id="oc-11c">
         <name>.debug_info</name>
         <load_address>0x81ed</load_address>
         <run_address>0x81ed</run_address>
         <size>0x2c</size>
         <input_file_ref idref="fl-13f"/>
      </object_component>
      <object_component id="oc-317">
         <name>.debug_info</name>
         <load_address>0x8219</load_address>
         <run_address>0x8219</run_address>
         <size>0xb7</size>
         <input_file_ref idref="fl-140"/>
      </object_component>
      <object_component id="oc-2e4">
         <name>.debug_info</name>
         <load_address>0x82d0</load_address>
         <run_address>0x82d0</run_address>
         <size>0xc3</size>
         <input_file_ref idref="fl-140"/>
      </object_component>
      <object_component id="oc-27c">
         <name>.debug_info</name>
         <load_address>0x8393</load_address>
         <run_address>0x8393</run_address>
         <size>0x111</size>
         <input_file_ref idref="fl-141"/>
      </object_component>
      <object_component id="oc-258">
         <name>.debug_info</name>
         <load_address>0x84a4</load_address>
         <run_address>0x84a4</run_address>
         <size>0xed</size>
         <input_file_ref idref="fl-142"/>
      </object_component>
      <object_component id="oc-269">
         <name>.debug_info</name>
         <load_address>0x8591</load_address>
         <run_address>0x8591</run_address>
         <size>0xef</size>
         <input_file_ref idref="fl-142"/>
      </object_component>
      <object_component id="oc-262">
         <name>.debug_info</name>
         <load_address>0x8680</load_address>
         <run_address>0x8680</run_address>
         <size>0xff</size>
         <input_file_ref idref="fl-143"/>
      </object_component>
      <object_component id="oc-25e">
         <name>.debug_info</name>
         <load_address>0x877f</load_address>
         <run_address>0x877f</run_address>
         <size>0xff</size>
         <input_file_ref idref="fl-144"/>
      </object_component>
      <object_component id="oc-26d">
         <name>.debug_info</name>
         <load_address>0x887e</load_address>
         <run_address>0x887e</run_address>
         <size>0xf3</size>
         <input_file_ref idref="fl-145"/>
      </object_component>
      <object_component id="oc-2ce">
         <name>.debug_info</name>
         <load_address>0x8971</load_address>
         <run_address>0x8971</run_address>
         <size>0xe6</size>
         <input_file_ref idref="fl-146"/>
      </object_component>
      <object_component id="oc-282">
         <name>.debug_info</name>
         <load_address>0x8a57</load_address>
         <run_address>0x8a57</run_address>
         <size>0x155</size>
         <input_file_ref idref="fl-146"/>
      </object_component>
      <object_component id="oc-278">
         <name>.debug_info</name>
         <load_address>0x8bac</load_address>
         <run_address>0x8bac</run_address>
         <size>0xf1</size>
         <input_file_ref idref="fl-147"/>
      </object_component>
      <object_component id="oc-2dc">
         <name>.debug_info</name>
         <load_address>0x8c9d</load_address>
         <run_address>0x8c9d</run_address>
         <size>0x12a</size>
         <input_file_ref idref="fl-148"/>
      </object_component>
      <object_component id="oc-287">
         <name>.debug_info</name>
         <load_address>0x8dc7</load_address>
         <run_address>0x8dc7</run_address>
         <size>0x14c</size>
         <input_file_ref idref="fl-148"/>
      </object_component>
      <object_component id="oc-2c4">
         <name>.debug_info</name>
         <load_address>0x8f13</load_address>
         <run_address>0x8f13</run_address>
         <size>0x115</size>
         <input_file_ref idref="fl-149"/>
      </object_component>
      <object_component id="oc-273">
         <name>.debug_info</name>
         <load_address>0x9028</load_address>
         <run_address>0x9028</run_address>
         <size>0x18b</size>
         <input_file_ref idref="fl-149"/>
      </object_component>
      <object_component id="oc-2e2">
         <name>.debug_info</name>
         <load_address>0x91b3</load_address>
         <run_address>0x91b3</run_address>
         <size>0xba</size>
         <input_file_ref idref="fl-14a"/>
      </object_component>
      <object_component id="oc-299">
         <name>.debug_info</name>
         <load_address>0x926d</load_address>
         <run_address>0x926d</run_address>
         <size>0x174</size>
         <input_file_ref idref="fl-14a"/>
      </object_component>
      <object_component id="oc-2de">
         <name>.debug_info</name>
         <load_address>0x93e1</load_address>
         <run_address>0x93e1</run_address>
         <size>0xbe</size>
         <input_file_ref idref="fl-14b"/>
      </object_component>
      <object_component id="oc-28d">
         <name>.debug_info</name>
         <load_address>0x949f</load_address>
         <run_address>0x949f</run_address>
         <size>0x1ad</size>
         <input_file_ref idref="fl-14b"/>
      </object_component>
      <object_component id="oc-254">
         <name>.debug_info</name>
         <load_address>0x964c</load_address>
         <run_address>0x964c</run_address>
         <size>0x14a</size>
         <input_file_ref idref="fl-14c"/>
      </object_component>
      <object_component id="oc-2e0">
         <name>.debug_info</name>
         <load_address>0x9796</load_address>
         <run_address>0x9796</run_address>
         <size>0xdb</size>
         <input_file_ref idref="fl-14d"/>
      </object_component>
      <object_component id="oc-296">
         <name>.debug_info</name>
         <load_address>0x9871</load_address>
         <run_address>0x9871</run_address>
         <size>0x11c</size>
         <input_file_ref idref="fl-14d"/>
      </object_component>
      <object_component id="oc-302">
         <name>.debug_info</name>
         <load_address>0x998d</load_address>
         <run_address>0x998d</run_address>
         <size>0xf9</size>
         <input_file_ref idref="fl-14e"/>
      </object_component>
      <object_component id="oc-2d1">
         <name>.debug_info</name>
         <load_address>0x9a86</load_address>
         <run_address>0x9a86</run_address>
         <size>0x17a</size>
         <input_file_ref idref="fl-14e"/>
      </object_component>
      <object_component id="oc-322">
         <name>.debug_info</name>
         <load_address>0x9c00</load_address>
         <run_address>0x9c00</run_address>
         <size>0x86</size>
         <input_file_ref idref="fl-14e"/>
      </object_component>
      <object_component id="oc-2fb">
         <name>.debug_info</name>
         <load_address>0x9c86</load_address>
         <run_address>0x9c86</run_address>
         <size>0xe3</size>
         <input_file_ref idref="fl-14f"/>
      </object_component>
      <object_component id="oc-2c8">
         <name>.debug_info</name>
         <load_address>0x9d69</load_address>
         <run_address>0x9d69</run_address>
         <size>0x15b</size>
         <input_file_ref idref="fl-14f"/>
      </object_component>
      <object_component id="oc-2d9">
         <name>.debug_info</name>
         <load_address>0x9ec4</load_address>
         <run_address>0x9ec4</run_address>
         <size>0x13b</size>
         <input_file_ref idref="fl-150"/>
      </object_component>
      <object_component id="oc-2ff">
         <name>.debug_info</name>
         <load_address>0x9fff</load_address>
         <run_address>0x9fff</run_address>
         <size>0x19d</size>
         <input_file_ref idref="fl-151"/>
      </object_component>
      <object_component id="oc-30a">
         <name>.debug_info</name>
         <load_address>0xa19c</load_address>
         <run_address>0xa19c</run_address>
         <size>0xbe</size>
         <input_file_ref idref="fl-152"/>
      </object_component>
      <object_component id="oc-348">
         <name>.debug_info</name>
         <load_address>0xa25a</load_address>
         <run_address>0xa25a</run_address>
         <size>0x126</size>
         <input_file_ref idref="fl-153"/>
      </object_component>
      <object_component id="oc-330">
         <name>.debug_info</name>
         <load_address>0xa380</load_address>
         <run_address>0xa380</run_address>
         <size>0xf6</size>
         <input_file_ref idref="fl-153"/>
      </object_component>
      <object_component id="oc-305">
         <name>.debug_info</name>
         <load_address>0xa476</load_address>
         <run_address>0xa476</run_address>
         <size>0x157</size>
         <input_file_ref idref="fl-153"/>
      </object_component>
      <object_component id="oc-343">
         <name>.debug_info</name>
         <load_address>0xa5cd</load_address>
         <run_address>0xa5cd</run_address>
         <size>0x6f</size>
         <input_file_ref idref="fl-153"/>
      </object_component>
      <object_component id="oc-340">
         <name>.debug_info</name>
         <load_address>0xa63c</load_address>
         <run_address>0xa63c</run_address>
         <size>0xe5</size>
         <input_file_ref idref="fl-154"/>
      </object_component>
      <object_component id="oc-32a">
         <name>.debug_info</name>
         <load_address>0xa721</load_address>
         <run_address>0xa721</run_address>
         <size>0x13c</size>
         <input_file_ref idref="fl-154"/>
      </object_component>
      <object_component id="oc-351">
         <name>.debug_info</name>
         <load_address>0xa85d</load_address>
         <run_address>0xa85d</run_address>
         <size>0x2c</size>
         <input_file_ref idref="fl-154"/>
      </object_component>
      <object_component id="oc-34e">
         <name>.debug_info</name>
         <load_address>0xa889</load_address>
         <run_address>0xa889</run_address>
         <size>0x105</size>
         <input_file_ref idref="fl-155"/>
      </object_component>
      <object_component id="oc-34b">
         <name>.debug_info</name>
         <load_address>0xa98e</load_address>
         <run_address>0xa98e</run_address>
         <size>0xc3</size>
         <input_file_ref idref="fl-155"/>
      </object_component>
      <object_component id="oc-33a">
         <name>.debug_info</name>
         <load_address>0xaa51</load_address>
         <run_address>0xaa51</run_address>
         <size>0x152</size>
         <input_file_ref idref="fl-155"/>
      </object_component>
      <object_component id="oc-31d">
         <name>.debug_info</name>
         <load_address>0xaba3</load_address>
         <run_address>0xaba3</run_address>
         <size>0xae</size>
         <input_file_ref idref="fl-156"/>
      </object_component>
      <object_component id="oc-2f5">
         <name>.debug_info</name>
         <load_address>0xac51</load_address>
         <run_address>0xac51</run_address>
         <size>0x135</size>
         <input_file_ref idref="fl-156"/>
      </object_component>
      <object_component id="oc-1ee">
         <name>.debug_info</name>
         <load_address>0xad86</load_address>
         <run_address>0xad86</run_address>
         <size>0x17a</size>
         <input_file_ref idref="fl-157"/>
      </object_component>
      <object_component id="oc-1e3">
         <name>.debug_info</name>
         <load_address>0xaf00</load_address>
         <run_address>0xaf00</run_address>
         <size>0x1aa</size>
         <input_file_ref idref="fl-157"/>
      </object_component>
      <object_component id="oc-1cc">
         <name>.debug_info</name>
         <load_address>0xb0aa</load_address>
         <run_address>0xb0aa</run_address>
         <size>0x1e9</size>
         <input_file_ref idref="fl-157"/>
      </object_component>
      <object_component id="oc-123">
         <name>.debug_info</name>
         <load_address>0xb293</load_address>
         <run_address>0xb293</run_address>
         <size>0x1f4</size>
         <input_file_ref idref="fl-157"/>
      </object_component>
      <object_component id="oc-13b">
         <name>.debug_info</name>
         <load_address>0xb487</load_address>
         <run_address>0xb487</run_address>
         <size>0x1cb</size>
         <input_file_ref idref="fl-157"/>
      </object_component>
      <object_component id="oc-134">
         <name>.debug_info</name>
         <load_address>0xb652</load_address>
         <run_address>0xb652</run_address>
         <size>0x1c9</size>
         <input_file_ref idref="fl-157"/>
      </object_component>
      <object_component id="oc-12e">
         <name>.debug_info</name>
         <load_address>0xb81b</load_address>
         <run_address>0xb81b</run_address>
         <size>0x214</size>
         <input_file_ref idref="fl-157"/>
      </object_component>
      <object_component id="oc-d9">
         <name>.debug_info</name>
         <load_address>0xba2f</load_address>
         <run_address>0xba2f</run_address>
         <size>0x1bb</size>
         <input_file_ref idref="fl-157"/>
      </object_component>
      <object_component id="oc-d3">
         <name>.debug_info</name>
         <load_address>0xbbea</load_address>
         <run_address>0xbbea</run_address>
         <size>0x1e0</size>
         <input_file_ref idref="fl-157"/>
      </object_component>
      <object_component id="oc-1f8">
         <name>.debug_info</name>
         <load_address>0xbdca</load_address>
         <run_address>0xbdca</run_address>
         <size>0x19b</size>
         <input_file_ref idref="fl-158"/>
      </object_component>
      <object_component id="oc-158">
         <name>.debug_info</name>
         <load_address>0xbf65</load_address>
         <run_address>0xbf65</run_address>
         <size>0x19e</size>
         <input_file_ref idref="fl-158"/>
      </object_component>
      <object_component id="oc-1de">
         <name>.debug_info</name>
         <load_address>0xc103</load_address>
         <run_address>0xc103</run_address>
         <size>0xf0</size>
         <input_file_ref idref="fl-158"/>
      </object_component>
      <object_component id="oc-e6">
         <name>.debug_info</name>
         <load_address>0xc1f3</load_address>
         <run_address>0xc1f3</run_address>
         <size>0x188</size>
         <input_file_ref idref="fl-158"/>
      </object_component>
      <object_component id="oc-e0">
         <name>.debug_info</name>
         <load_address>0xc37b</load_address>
         <run_address>0xc37b</run_address>
         <size>0x1ba</size>
         <input_file_ref idref="fl-158"/>
      </object_component>
      <object_component id="oc-1e8">
         <name>.debug_info</name>
         <load_address>0xc535</load_address>
         <run_address>0xc535</run_address>
         <size>0x204</size>
         <input_file_ref idref="fl-158"/>
      </object_component>
      <object_component id="oc-128">
         <name>.debug_info</name>
         <load_address>0xc739</load_address>
         <run_address>0xc739</run_address>
         <size>0x206</size>
         <input_file_ref idref="fl-158"/>
      </object_component>
      <object_component id="oc-ed">
         <name>.debug_info</name>
         <load_address>0xc93f</load_address>
         <run_address>0xc93f</run_address>
         <size>0x1ab</size>
         <input_file_ref idref="fl-158"/>
      </object_component>
      <object_component id="oc-2f1">
         <name>.debug_info</name>
         <load_address>0xcaea</load_address>
         <run_address>0xcaea</run_address>
         <size>0xe8</size>
         <input_file_ref idref="fl-159"/>
      </object_component>
      <object_component id="oc-2b9">
         <name>.debug_info</name>
         <load_address>0xcbd2</load_address>
         <run_address>0xcbd2</run_address>
         <size>0xf6</size>
         <input_file_ref idref="fl-159"/>
      </object_component>
      <object_component id="oc-237">
         <name>.debug_info</name>
         <load_address>0xccc8</load_address>
         <run_address>0xccc8</run_address>
         <size>0x1cb</size>
         <input_file_ref idref="fl-159"/>
      </object_component>
      <object_component id="oc-231">
         <name>.debug_info</name>
         <load_address>0xce93</load_address>
         <run_address>0xce93</run_address>
         <size>0x219</size>
         <input_file_ref idref="fl-159"/>
      </object_component>
      <object_component id="oc-1d1">
         <name>.debug_info</name>
         <load_address>0xd0ac</load_address>
         <run_address>0xd0ac</run_address>
         <size>0x1e0</size>
         <input_file_ref idref="fl-159"/>
      </object_component>
      <object_component id="oc-1c5">
         <name>.debug_info</name>
         <load_address>0xd28c</load_address>
         <run_address>0xd28c</run_address>
         <size>0x22e</size>
         <input_file_ref idref="fl-159"/>
      </object_component>
      <object_component id="oc-201">
         <name>.debug_info</name>
         <load_address>0xd4ba</load_address>
         <run_address>0xd4ba</run_address>
         <size>0x1f8</size>
         <input_file_ref idref="fl-15a"/>
      </object_component>
      <object_component id="oc-1fd">
         <name>.debug_info</name>
         <load_address>0xd6b2</load_address>
         <run_address>0xd6b2</run_address>
         <size>0xff</size>
         <input_file_ref idref="fl-15a"/>
      </object_component>
      <object_component id="oc-15c">
         <name>.debug_info</name>
         <load_address>0xd7b1</load_address>
         <run_address>0xd7b1</run_address>
         <size>0x1b2</size>
         <input_file_ref idref="fl-15a"/>
      </object_component>
      <object_component id="oc-16e">
         <name>.debug_info</name>
         <load_address>0xd963</load_address>
         <run_address>0xd963</run_address>
         <size>0x1f7</size>
         <input_file_ref idref="fl-15a"/>
      </object_component>
      <object_component id="oc-17a">
         <name>.debug_info</name>
         <load_address>0xdb5a</load_address>
         <run_address>0xdb5a</run_address>
         <size>0x1f9</size>
         <input_file_ref idref="fl-15a"/>
      </object_component>
      <object_component id="oc-181">
         <name>.debug_info</name>
         <load_address>0xdd53</load_address>
         <run_address>0xdd53</run_address>
         <size>0x222</size>
         <input_file_ref idref="fl-15a"/>
      </object_component>
      <object_component id="oc-174">
         <name>.debug_info</name>
         <load_address>0xdf75</load_address>
         <run_address>0xdf75</run_address>
         <size>0x1cc</size>
         <input_file_ref idref="fl-15a"/>
      </object_component>
      <object_component id="oc-f2">
         <name>.debug_info</name>
         <load_address>0xe141</load_address>
         <run_address>0xe141</run_address>
         <size>0x28f</size>
         <input_file_ref idref="fl-15a"/>
      </object_component>
      <object_component id="oc-162">
         <name>.debug_info</name>
         <load_address>0xe3d0</load_address>
         <run_address>0xe3d0</run_address>
         <size>0x1cb</size>
         <input_file_ref idref="fl-15a"/>
      </object_component>
      <object_component id="oc-168">
         <name>.debug_info</name>
         <load_address>0xe59b</load_address>
         <run_address>0xe59b</run_address>
         <size>0x1e0</size>
         <input_file_ref idref="fl-15a"/>
      </object_component>
      <object_component id="oc-188">
         <name>.debug_info</name>
         <load_address>0xe77b</load_address>
         <run_address>0xe77b</run_address>
         <size>0x268</size>
         <input_file_ref idref="fl-15b"/>
      </object_component>
      <object_component id="oc-20c">
         <name>.debug_info</name>
         <load_address>0xe9e3</load_address>
         <run_address>0xe9e3</run_address>
         <size>0x18a</size>
         <input_file_ref idref="fl-15b"/>
      </object_component>
      <object_component id="oc-206">
         <name>.debug_info</name>
         <load_address>0xeb6d</load_address>
         <run_address>0xeb6d</run_address>
         <size>0x18c</size>
         <input_file_ref idref="fl-15b"/>
      </object_component>
      <object_component id="oc-19a">
         <name>.debug_info</name>
         <load_address>0xecf9</load_address>
         <run_address>0xecf9</run_address>
         <size>0x196</size>
         <input_file_ref idref="fl-15b"/>
      </object_component>
      <object_component id="oc-1a0">
         <name>.debug_info</name>
         <load_address>0xee8f</load_address>
         <run_address>0xee8f</run_address>
         <size>0x1a6</size>
         <input_file_ref idref="fl-15b"/>
      </object_component>
      <object_component id="oc-18e">
         <name>.debug_info</name>
         <load_address>0xf035</load_address>
         <run_address>0xf035</run_address>
         <size>0x1b7</size>
         <input_file_ref idref="fl-15b"/>
      </object_component>
      <object_component id="oc-14e">
         <name>.debug_info</name>
         <load_address>0xf1ec</load_address>
         <run_address>0xf1ec</run_address>
         <size>0x15a</size>
         <input_file_ref idref="fl-15d"/>
      </object_component>
      <object_component id="oc-383">
         <name>.debug_info</name>
         <load_address>0xf346</load_address>
         <run_address>0xf346</run_address>
         <size>0x9c</size>
      </object_component>
      <object_component id="oc-1f4">
         <name>.debug_line</name>
         <load_address>0x0</load_address>
         <run_address>0x0</run_address>
         <size>0x9f</size>
         <input_file_ref idref="fl-2"/>
      </object_component>
      <object_component id="oc-1f2">
         <name>.debug_line</name>
         <load_address>0x9f</load_address>
         <run_address>0x9f</run_address>
         <size>0x30</size>
         <input_file_ref idref="fl-2"/>
      </object_component>
      <object_component id="oc-d0">
         <name>.debug_line</name>
         <load_address>0xcf</load_address>
         <run_address>0xcf</run_address>
         <size>0x1cd</size>
         <input_file_ref idref="fl-2"/>
      </object_component>
      <object_component id="oc-24e">
         <name>.debug_line</name>
         <load_address>0x29c</load_address>
         <run_address>0x29c</run_address>
         <size>0x55</size>
         <input_file_ref idref="fl-2"/>
      </object_component>
      <object_component id="oc-81">
         <name>.debug_line</name>
         <load_address>0x2f1</load_address>
         <run_address>0x2f1</run_address>
         <size>0x20</size>
         <input_file_ref idref="fl-2"/>
[...]
         <name>DisplayBanner</name>
         <value>0x20005a39</value>
         <object_component_ref idref="oc-9f"/>
      </symbol>
      <symbol id="sm-c1">
         <name>main</name>
         <value>0x20005a6d</value>
         <object_component_ref idref="oc-9f"/>
      </symbol>
      <symbol id="sm-cf">
         <name>PinMuxConfig</name>
         <value>0x20006b85</value>
         <object_component_ref idref="oc-fd"/>
      </symbol>
      <symbol id="sm-ee">
         <name>ResetISR</name>
         <value>0x20007abb</value>
         <object_component_ref idref="oc-2d"/>
      </symbol>
      <symbol id="sm-ef">
         <name>g_pfnVectors</name>
         <value>0x20004000</value>
         <object_component_ref idref="oc-f"/>
      </symbol>
      <symbol id="sm-12d">
         <name>GetCmd</name>
         <value>0x2000605f</value>
         <object_component_ref idref="oc-f7"/>
      </symbol>
      <symbol id="sm-12e">
         <name>Message</name>
         <value>0x20005ffb</value>
         <object_component_ref idref="oc-f7"/>
      </symbol>
      <symbol id="sm-12f">
         <name>Report</name>
         <value>0x2000619d</value>
         <object_component_ref idref="oc-f7"/>
      </symbol>
      <symbol id="sm-130">
         <name>Error</name>
         <value>0x20006027</value>
         <object_component_ref idref="oc-f7"/>
      </symbol>
      <symbol id="sm-131">
         <name>InitTerm</name>
         <value>0x20005fdd</value>
         <object_component_ref idref="oc-f7"/>
      </symbol>
      <symbol id="sm-132">
         <name>ClearTerm</name>
         <value>0x2000601d</value>
         <object_component_ref idref="oc-f7"/>
      </symbol>
      <symbol id="sm-133">
         <name>TrimSpace</name>
         <value>0x20006105</value>
         <object_component_ref idref="oc-f7"/>
      </symbol>
      <symbol id="sm-143">
         <name>_c_int00</name>
         <value>0x20007655</value>
         <object_component_ref idref="oc-24"/>
      </symbol>
      <symbol id="sm-144">
         <name>__stack</name>
         <value>0x2003f800</value>
         <object_component_ref idref="oc-29"/>
      </symbol>
      <symbol id="sm-15b">
         <name>__TI_decompress_none</name>
         <value>0x20007aad</value>
         <object_component_ref idref="oc-12"/>
      </symbol>
      <symbol id="sm-183">
         <name>__TI_decompress_rle24</name>
         <value>0x20007ae5</value>
         <object_component_ref idref="oc-18"/>
      </symbol>
      <symbol id="sm-195">
         <name>__TI_zero_init</name>
         <value>0x20007ac9</value>
         <object_component_ref idref="oc-1e"/>
      </symbol>
      <symbol id="sm-1b4">
         <name>C$$EXIT</name>
         <value>0x20007555</value>
         <object_component_ref idref="oc-6d"/>
      </symbol>
      <symbol id="sm-1b5">
         <name>abort</name>
         <value>0x20007559</value>
         <object_component_ref idref="oc-6d"/>
      </symbol>
      <symbol id="sm-1b6">
         <name>exit</name>
         <value>0x20007561</value>
         <object_component_ref idref="oc-6d"/>
      </symbol>
      <symbol id="sm-1b7">
         <name>__TI_dtors_ptr</name>
         <value>0x2001d968</value>
         <object_component_ref idref="oc-aa"/>
      </symbol>
      <symbol id="sm-1b8">
         <name>__TI_cleanup_ptr</name>
         <value>0x2001d964</value>
         <object_component_ref idref="oc-aa"/>
      </symbol>
      <symbol id="sm-1d3">
         <name>memcpy</name>
         <value>0x20006ce5</value>
         <object_component_ref idref="oc-36"/>
      </symbol>
      <symbol id="sm-1d4">
         <name>__aeabi_memcpy</name>
         <value>0x20006ce5</value>
         <object_component_ref idref="oc-36"/>
      </symbol>
      <symbol id="sm-1d5">
         <name>__aeabi_memcpy8</name>
         <value>0x20006ce5</value>
         <object_component_ref idref="oc-36"/>
      </symbol>
      <symbol id="sm-1d6">
         <name>__aeabi_memcpy4</name>
         <value>0x20006ce5</value>
         <object_component_ref idref="oc-36"/>
      </symbol>
      <symbol id="sm-1e6">
         <name>memmove</name>
         <value>0x2000788d</value>
         <object_component_ref idref="oc-1aa"/>
      </symbol>
      <symbol id="sm-25d">
         <name>_sys_memory</name>
         <value>0x2001d000</value>
         <object_component_ref idref="oc-2a"/>
      </symbol>
      <symbol id="sm-25e">
         <name>free</name>
         <value>0x2000559f</value>
         <object_component_ref idref="oc-1b0"/>
      </symbol>
      <symbol id="sm-25f">
         <name>realloc</name>
         <value>0x20005661</value>
         <object_component_ref idref="oc-1b0"/>
      </symbol>
      <symbol id="sm-260">
         <name>memalign</name>
         <value>0x2000576d</value>
         <object_component_ref idref="oc-1b0"/>
      </symbol>
      <symbol id="sm-261">
         <name>calloc</name>
         <value>0x20005851</value>
         <object_component_ref idref="oc-1b0"/>
      </symbol>
      <symbol id="sm-262">
         <name>malloc</name>
         <value>0x20005537</value>
         <object_component_ref idref="oc-1b0"/>
      </symbol>
      <symbol id="sm-263">
         <name>minit</name>
         <value>0x200054a9</value>
         <object_component_ref idref="oc-1b0"/>
      </symbol>
      <symbol id="sm-272">
         <name>__aeabi_memset</name>
         <value>0x200070b5</value>
         <object_component_ref idref="oc-4f"/>
      </symbol>
      <symbol id="sm-273">
         <name>memset</name>
         <value>0x200070bb</value>
         <object_component_ref idref="oc-4f"/>
      </symbol>
      <symbol id="sm-274">
         <name>__aeabi_memset8</name>
         <value>0x200070b5</value>
         <object_component_ref idref="oc-4f"/>
      </symbol>
      <symbol id="sm-275">
         <name>__aeabi_memset4</name>
         <value>0x200070b5</value>
         <object_component_ref idref="oc-4f"/>
      </symbol>
      <symbol id="sm-276">
         <name>__aeabi_memclr8</name>
         <value>0x200070b3</value>
         <object_component_ref idref="oc-4f"/>
      </symbol>
      <symbol id="sm-277">
         <name>__aeabi_memclr4</name>
         <value>0x200070b3</value>
         <object_component_ref idref="oc-4f"/>
      </symbol>
      <symbol id="sm-278">
         <name>__aeabi_memclr</name>
         <value>0x200070b3</value>
         <object_component_ref idref="oc-4f"/>
      </symbol>
      <symbol id="sm-282">
         <name>_system_pre_init</name>
         <value>0x20007aeb</value>
         <object_component_ref idref="oc-5b"/>
      </symbol>
      <symbol id="sm-28a">
         <name>main_func_sp</name>
         <value>0x2001d978</value>
         <object_component_ref idref="oc-73"/>
      </symbol>
      <symbol id="sm-298">
         <name>strlen</name>
         <value>0x20007a99</value>
         <object_component_ref idref="oc-1a4"/>
      </symbol>
      <symbol id="sm-2b9">
         <name>vsnprintf</name>
         <value>0x20006e9d</value>
         <object_component_ref idref="oc-192"/>
      </symbol>
      <symbol id="sm-2d2">
         <name>_nop</name>
         <value>0x20007a93</value>
         <object_component_ref idref="oc-10c"/>
      </symbol>
      <symbol id="sm-2d3">
         <name>_lock</name>
         <value>0x2001d95c</value>
         <object_component_ref idref="oc-a7"/>
      </symbol>
      <symbol id="sm-2d4">
         <name>_unlock</name>
         <value>0x2001d960</value>
         <object_component_ref idref="oc-a7"/>
      </symbol>
      <symbol id="sm-2d5">
         <name>_register_lock</name>
         <value>0x20007a8b</value>
         <object_component_ref idref="oc-10c"/>
      </symbol>
      <symbol id="sm-2d6">
         <name>_register_unlock</name>
         <value>0x20007a85</value>
         <object_component_ref idref="oc-10c"/>
      </symbol>
      <symbol id="sm-3db">
         <name>__TI_printfi</name>
         <value>0x200051a1</value>
         <object_component_ref idref="oc-212"/>
      </symbol>
      <symbol id="sm-3f0">
         <name>_args_main</name>
         <value>0x200079ed</value>
         <object_component_ref idref="oc-67"/>
      </symbol>
      <symbol id="sm-406">
         <name>atoi</name>
         <value>0x200073e5</value>
         <object_component_ref idref="oc-29e"/>
      </symbol>
      <symbol id="sm-42c">
         <name>__TI_auto_init</name>
         <value>0x200071a5</value>
         <object_component_ref idref="oc-61"/>
      </symbol>
      <symbol id="sm-446">
         <name>copy_in</name>
         <value>0x20007431</value>
         <object_component_ref idref="oc-97"/>
      </symbol>
      <symbol id="sm-451">
         <name>_ctypes_</name>
         <value>0x20007af0</value>
         <object_component_ref idref="oc-2e3"/>
      </symbol>
      <symbol id="sm-475">
         <name>__aeabi_dsub</name>
         <value>0x20006451</value>
         <object_component_ref idref="oc-27b"/>
      </symbol>
      <symbol id="sm-476">
         <name>__aeabi_dadd</name>
         <value>0x2000645b</value>
         <object_component_ref idref="oc-27b"/>
      </symbol>
      <symbol id="sm-49d">
         <name>__aeabi_cdcmpeq</name>
         <value>0x20006f25</value>
         <object_component_ref idref="oc-257"/>
      </symbol>
      <symbol id="sm-49e">
         <name>__aeabi_cdcmple</name>
         <value>0x20006f25</value>
         <object_component_ref idref="oc-257"/>
      </symbol>
      <symbol id="sm-49f">
         <name>__aeabi_cdrcmple</name>
         <value>0x20006fab</value>
         <object_component_ref idref="oc-266"/>
      </symbol>
      <symbol id="sm-4bf">
         <name>__aeabi_ddiv</name>
         <value>0x20006781</value>
         <object_component_ref idref="oc-261"/>
      </symbol>
      <symbol id="sm-4d6">
         <name>__aeabi_dmul</name>
         <value>0x200069c9</value>
         <object_component_ref idref="oc-25c"/>
      </symbol>
      <symbol id="sm-4e4">
         <name>__aeabi_d2iz</name>
         <value>0x200074c5</value>
         <object_component_ref idref="oc-26b"/>
      </symbol>
      <symbol id="sm-4f1">
         <name>frexp</name>
         <value>0x200078b1</value>
         <object_component_ref idref="oc-280"/>
      </symbol>
      <symbol id="sm-4fd">
         <name>__aeabi_i2d</name>
         <value>0x2000778d</value>
         <object_component_ref idref="oc-276"/>
      </symbol>
      <symbol id="sm-50e">
         <name>ldexp</name>
         <value>0x2000750d</value>
         <object_component_ref idref="oc-286"/>
      </symbol>
      <symbol id="sm-51d">
         <name>ltoa</name>
         <value>0x20007339</value>
         <object_component_ref idref="oc-270"/>
      </symbol>
      <symbol id="sm-52d">
         <name>memccpy</name>
         <value>0x2000796d</value>
         <object_component_ref idref="oc-298"/>
      </symbol>
      <symbol id="sm-53d">
         <name>strchr</name>
         <value>0x20007a31</value>
         <object_component_ref idref="oc-28c"/>
      </symbol>
      <symbol id="sm-567">
         <name>__aeabi_uldivmod</name>
         <value>0x2000625d</value>
         <object_component_ref idref="oc-252"/>
      </symbol>
      <symbol id="sm-575">
         <name>_Dclass</name>
         <value>0x20007815</value>
         <object_component_ref idref="oc-292"/>
      </symbol>
      <symbol id="sm-596">
         <name>_Dscale</name>
         <value>0x200068b9</value>
         <object_component_ref idref="oc-2cf"/>
      </symbol>
      <symbol id="sm-5aa">
         <name>_Dunscale</name>
         <value>0x2000727b</value>
         <object_component_ref idref="oc-2c7"/>
      </symbol>
      <symbol id="sm-5b9">
         <name>_Feraise</name>
         <value>0x2000775d</value>
         <object_component_ref idref="oc-2d5"/>
      </symbol>
      <symbol id="sm-5c9">
         <name>_Rteps</name>
         <value>0x2001d910</value>
         <object_component_ref idref="oc-2fe"/>
      </symbol>
      <symbol id="sm-5ca">
         <name>_Zero</name>
         <value>0x2001d928</value>
         <object_component_ref idref="oc-2fe"/>
      </symbol>
      <symbol id="sm-5cb">
         <name>_Hugeval</name>
         <value>0x2001d8d0</value>
         <object_component_ref idref="oc-2fe"/>
      </symbol>
      <symbol id="sm-5cc">
         <name>_Snan</name>
         <value>0x2001d900</value>
         <object_component_ref idref="oc-2fe"/>
      </symbol>
      <symbol id="sm-5cd">
         <name>_Nan</name>
         <value>0x2001d8f0</value>
         <object_component_ref idref="oc-2fe"/>
      </symbol>
      <symbol id="sm-5ce">
         <name>_Inf</name>
         <value>0x2001d8e0</value>
         <object_component_ref idref="oc-2fe"/>
      </symbol>
      <symbol id="sm-5cf">
         <name>_Xbig</name>
         <value>0x2001d920</value>
         <object_component_ref idref="oc-2fe"/>
      </symbol>
      <symbol id="sm-5d0">
         <name>_Eps</name>
         <value>0x2001d8c0</value>
         <object_component_ref idref="oc-2fe"/>
      </symbol>
      <symbol id="sm-5d1">
         <name>_Denorm</name>
         <value>0x2001d8b0</value>
         <object_component_ref idref="oc-2fe"/>
      </symbol>
      <symbol id="sm-5d9">
         <name>_Errno</name>
         <value>0x2001d974</value>
         <object_component_ref idref="oc-309"/>
      </symbol>
      <symbol id="sm-5f7">
         <name>feraiseexcept</name>
         <value>0x200076c9</value>
         <object_component_ref idref="oc-303"/>
      </symbol>
      <symbol id="sm-5f8">
         <name>_Tls_setup__Fenv</name>
         <value>0x2001d970</value>
         <object_component_ref idref="oc-32f"/>
      </symbol>
      <symbol id="sm-5f9">
         <name>_Fenv</name>
         <value>0x2001d96c</value>
         <object_component_ref idref="oc-32f"/>
      </symbol>
      <symbol id="sm-60d">
         <name>raise</name>
         <value>0x200077bb</value>
         <object_component_ref idref="oc-329"/>
      </symbol>
      <symbol id="sm-627">
         <name>signal</name>
         <value>0x200075d9</value>
         <object_component_ref idref="oc-339"/>
      </symbol>
      <symbol id="sm-63c">
         <name>_Dnorm</name>
         <value>0x20006ac5</value>
         <object_component_ref idref="oc-2f4"/>
      </symbol>
      <symbol id="sm-692">
         <name>GPIOIntRegister</name>
         <value>0x20007915</value>
         <object_component_ref idref="oc-12d"/>
      </symbol>
      <symbol id="sm-693">
         <name>GPIOIntEnable</name>
         <value>0x20007989</value>
         <object_component_ref idref="oc-139"/>
      </symbol>
      <symbol id="sm-694">
         <name>GPIOIntTypeSet</name>
         <value>0x20007031</value>
         <object_component_ref idref="oc-121"/>
      </symbol>
      <symbol id="sm-695">
         <name>GPIOIntClear</name>
         <value>0x20007a5b</value>
         <object_component_ref idref="oc-133"/>
      </symbol>
      <symbol id="sm-696">
         <name>GPIOPinRead</name>
         <value>0x200079bd</value>
         <object_component_ref idref="oc-d8"/>
      </symbol>
      <symbol id="sm-697">
         <name>GPIODirModeSet</name>
         <value>0x20007691</value>
         <object_component_ref idref="oc-1ca"/>
      </symbol>
      <symbol id="sm-698">
         <name>GPIOPinWrite</name>
         <value>0x200078d3</value>
         <object_component_ref idref="oc-d2"/>
      </symbol>
      <symbol id="sm-6ea">
         <name>IntPrioritySet</name>
         <value>0x20007391</value>
         <object_component_ref idref="oc-127"/>
      </symbol>
      <symbol id="sm-6eb">
         <name>IntVTableBaseSet</name>
         <value>0x20007a71</value>
         <object_component_ref idref="oc-df"/>
      </symbol>
      <symbol id="sm-6ec">
         <name>IntEnable</name>
         <value>0x20006c3d</value>
         <object_component_ref idref="oc-eb"/>
      </symbol>
      <symbol id="sm-6ed">
         <name>IntRegister</name>
         <value>0x200078f5</value>
         <object_component_ref idref="oc-1e7"/>
      </symbol>
      <symbol id="sm-6ee">
         <name>IntMasterEnable</name>
         <value>0x20007ad5</value>
         <object_component_ref idref="oc-e5"/>
      </symbol>
      <symbol id="sm-725">
         <name>PinTypeUART</name>
         <value>0x200079a3</value>
         <object_component_ref idref="oc-1d0"/>
      </symbol>
      <symbol id="sm-726">
         <name>PinTypeGPIO</name>
         <value>0x200076fd</value>
         <object_component_ref idref="oc-1c4"/>
      </symbol>
      <symbol id="sm-727">
         <name>PinConfigSet</name>
         <value>0x20006e15</value>
         <object_component_ref idref="oc-230"/>
      </symbol>
      <symbol id="sm-728">
         <name>PinModeSet</name>
         <value>0x20007599</value>
         <object_component_ref idref="oc-236"/>
      </symbol>
      <symbol id="sm-7ae">
         <name>PRCMPeripheralReset</name>
         <value>0x200072e1</value>
         <object_component_ref idref="oc-173"/>
      </symbol>
      <symbol id="sm-7af">
         <name>PRCMPeripheralClkEnable</name>
         <value>0x20007619</value>
         <object_component_ref idref="oc-16d"/>
      </symbol>
      <symbol id="sm-7b0">
         <name>PRCMPeripheralClockGet</name>
         <value>0x20006d81</value>
         <object_component_ref idref="oc-180"/>
      </symbol>
      <symbol id="sm-7b1">
         <name>PRCMCC3200MCUInit</name>
         <value>0x20006609</value>
         <object_component_ref idref="oc-f1"/>
      </symbol>
      <symbol id="sm-7b2">
         <name>PRCMHIBRegWrite</name>
         <value>0x20007a1b</value>
         <object_component_ref idref="oc-167"/>
      </symbol>
      <symbol id="sm-7b3">
         <name>PRCMSysResetCauseGet</name>
         <value>0x200077e9</value>
         <object_component_ref idref="oc-15b"/>
      </symbol>
      <symbol id="sm-7b4">
         <name>PRCMPeripheralClkDisable</name>
         <value>0x20007841</value>
         <object_component_ref idref="oc-179"/>
      </symbol>
      <symbol id="sm-7b5">
         <name>PRCMHIBRegRead</name>
         <value>0x20007a05</value>
         <object_component_ref idref="oc-161"/>
      </symbol>
      <symbol id="sm-7f1">
         <name>UARTConfigSetExpClk</name>
         <value>0x2000712d</value>
         <object_component_ref idref="oc-186"/>
      </symbol>
      <symbol id="sm-7f2">
         <name>UARTDisable</name>
         <value>0x2000772d</value>
         <object_component_ref idref="oc-204"/>
      </symbol>
      <symbol id="sm-7f3">
         <name>UARTCharsAvail</name>
         <value>0x200079d5</value>
         <object_component_ref idref="oc-198"/>
      </symbol>
      <symbol id="sm-7f4">
         <name>UARTCharGetNonBlocking</name>
         <value>0x20007951</value>
         <object_component_ref idref="oc-19e"/>
      </symbol>
      <symbol id="sm-7f5">
         <name>UARTCharPut</name>
         <value>0x20007933</value>
         <object_component_ref idref="oc-18c"/>
      </symbol>
      <symbol id="sm-7f6">
         <name>UARTEnable</name>
         <value>0x20007869</value>
         <object_component_ref idref="oc-20a"/>
      </symbol>
      <symbol id="sm-7fa">
         <name>UtilsDelay</name>
         <value>0x20007adf</value>
         <object_component_ref idref="oc-de"/>
      </symbol>
      <symbol id="sm-804">
         <name>CPUcpsie</name>
         <value>0x20007a47</value>
         <object_component_ref idref="oc-14b"/>
      </symbol>
      <symbol id="sm-806">
         <name>__TI_static_base__</name>
         <value>0x20007ef0</value>
      </symbol>
      <symbol id="sm-809">
         <name>SHT$$INIT_ARRAY$$Limit</name>
         <value>0x0</value>
      </symbol>
      <symbol id="sm-80a">
         <name>SHT$$INIT_ARRAY$$Base</name>
         <value>0x0</value>
      </symbol>
   </symbol_table>
   <title>Link successful</title>
</link_info>
